[0.042s] Invoking command in '/home/dredre/DevStuff/scrollDiary/speechToText/build/speech_to_text_interfaces': CMAKE_PREFIX_PATH=${CMAKE_PREFIX_PATH}:/opt/ros/jazzy DEBUGINFOD_URLS=https://debuginfod.ubuntu.com /usr/local/bin/cmake --build /home/dredre/DevStuff/scrollDiary/speechToText/build/speech_to_text_interfaces -- -j4 -l4
[0.136s] [  2%] Built target speech_to_text_interfaces__rosidl_generator_type_description
[0.143s] [  2%] Built target ament_cmake_python_copy_speech_to_text_interfaces
[0.168s] [ 17%] Built target speech_to_text_interfaces__rosidl_generator_c
[0.180s] [ 20%] Built target speech_to_text_interfaces__cpp
[0.230s] [ 29%] Built target speech_to_text_interfaces__rosidl_typesupport_c
[0.238s] [ 38%] Built target speech_to_text_interfaces__rosidl_typesupport_fastrtps_c
[0.243s] [ 47%] Built target speech_to_text_interfaces__rosidl_typesupport_introspection_c
[0.282s] [ 55%] Built target speech_to_text_interfaces__rosidl_typesupport_introspection_cpp
[0.288s] [ 64%] Built target speech_to_text_interfaces__rosidl_typesupport_fastrtps_cpp
[0.297s] [ 73%] Built target speech_to_text_interfaces__rosidl_typesupport_cpp
[0.360s] [ 73%] Built target speech_to_text_interfaces
[0.399s] [ 76%] Built target speech_to_text_interfaces__py
[0.488s] [ 82%] Built target speech_to_text_interfaces__rosidl_generator_py
[0.541s] [ 88%] Built target speech_to_text_interfaces_s__rosidl_typesupport_fastrtps_c
[0.561s] [ 94%] Built target speech_to_text_interfaces_s__rosidl_typesupport_introspection_c
[0.567s] [100%] Built target speech_to_text_interfaces_s__rosidl_typesupport_c
[0.765s] running egg_info
[0.795s] writing speech_to_text_interfaces.egg-info/PKG-INFO
[0.796s] writing dependency_links to speech_to_text_interfaces.egg-info/dependency_links.txt
[0.796s] writing top-level names to speech_to_text_interfaces.egg-info/top_level.txt
[0.893s] reading manifest file 'speech_to_text_interfaces.egg-info/SOURCES.txt'
[0.894s] writing manifest file 'speech_to_text_interfaces.egg-info/SOURCES.txt'
[0.966s] [100%] Built target ament_cmake_python_build_speech_to_text_interfaces_egg
[0.977s] Invoked command in '/home/dredre/DevStuff/scrollDiary/speechToText/build/speech_to_text_interfaces' returned '0': CMAKE_PREFIX_PATH=${CMAKE_PREFIX_PATH}:/opt/ros/jazzy DEBUGINFOD_URLS=https://debuginfod.ubuntu.com /usr/local/bin/cmake --build /home/dredre/DevStuff/scrollDiary/speechToText/build/speech_to_text_interfaces -- -j4 -l4
[0.980s] Invoking command in '/home/dredre/DevStuff/scrollDiary/speechToText/build/speech_to_text_interfaces': CMAKE_PREFIX_PATH=${CMAKE_PREFIX_PATH}:/opt/ros/jazzy DEBUGINFOD_URLS=https://debuginfod.ubuntu.com /usr/local/bin/cmake --install /home/dredre/DevStuff/scrollDiary/speechToText/build/speech_to_text_interfaces
[0.987s] -- Install configuration: ""
[0.987s] -- Up-to-date: /home/dredre/DevStuff/scrollDiary/speechToText/install/speech_to_text_interfaces/share/ament_index/resource_index/rosidl_interfaces/speech_to_text_interfaces
[0.987s] -- Up-to-date: /home/dredre/DevStuff/scrollDiary/speechToText/install/speech_to_text_interfaces/share/speech_to_text_interfaces/msg/AudioStamped.json
[0.988s] -- Up-to-date: /home/dredre/DevStuff/scrollDiary/speechToText/install/speech_to_text_interfaces/include/speech_to_text_interfaces/speech_to_text_interfaces
[0.988s] -- Up-to-date: /home/dredre/DevStuff/scrollDiary/speechToText/install/speech_to_text_interfaces/include/speech_to_text_interfaces/speech_to_text_interfaces/msg
[0.988s] -- Up-to-date: /home/dredre/DevStuff/scrollDiary/speechToText/install/speech_to_text_interfaces/include/speech_to_text_interfaces/speech_to_text_interfaces/msg/audio_stamped.h
[0.988s] -- Up-to-date: /home/dredre/DevStuff/scrollDiary/speechToText/install/speech_to_text_interfaces/include/speech_to_text_interfaces/speech_to_text_interfaces/msg/rosidl_generator_c__visibility_control.h
[0.988s] -- Up-to-date: /home/dredre/DevStuff/scrollDiary/speechToText/install/speech_to_text_interfaces/include/speech_to_text_interfaces/speech_to_text_interfaces/msg/detail
[0.988s] -- Up-to-date: /home/dredre/DevStuff/scrollDiary/speechToText/install/speech_to_text_interfaces/include/speech_to_text_interfaces/speech_to_text_interfaces/msg/detail/audio_stamped__struct.h
[0.988s] -- Up-to-date: /home/dredre/DevStuff/scrollDiary/speechToText/install/speech_to_text_interfaces/include/speech_to_text_interfaces/speech_to_text_interfaces/msg/detail/audio_stamped__description.c
[0.988s] -- Up-to-date: /home/dredre/DevStuff/scrollDiary/speechToText/install/speech_to_text_interfaces/include/speech_to_text_interfaces/speech_to_text_interfaces/msg/detail/audio_stamped__functions.c
[0.988s] -- Up-to-date: /home/dredre/DevStuff/scrollDiary/speechToText/install/speech_to_text_interfaces/include/speech_to_text_interfaces/speech_to_text_interfaces/msg/detail/audio_stamped__functions.h
[0.989s] -- Installing: /home/dredre/DevStuff/scrollDiary/speechToText/install/speech_to_text_interfaces/include/speech_to_text_interfaces/speech_to_text_interfaces/msg/detail/audio_stamped__type_support.c
[0.989s] -- Up-to-date: /home/dredre/DevStuff/scrollDiary/speechToText/install/speech_to_text_interfaces/include/speech_to_text_interfaces/speech_to_text_interfaces/msg/detail/audio_stamped__type_support.h
[0.989s] -- Up-to-date: /home/dredre/DevStuff/scrollDiary/speechToText/install/speech_to_text_interfaces/share/speech_to_text_interfaces/environment/library_path.sh
[0.990s] -- Up-to-date: /home/dredre/DevStuff/scrollDiary/speechToText/install/speech_to_text_interfaces/share/speech_to_text_interfaces/environment/library_path.dsv
[0.990s] -- Up-to-date: /home/dredre/DevStuff/scrollDiary/speechToText/install/speech_to_text_interfaces/lib/libspeech_to_text_interfaces__rosidl_generator_c.so
[0.990s] -- Up-to-date: /home/dredre/DevStuff/scrollDiary/speechToText/install/speech_to_text_interfaces/include/speech_to_text_interfaces/speech_to_text_interfaces
[0.990s] -- Up-to-date: /home/dredre/DevStuff/scrollDiary/speechToText/install/speech_to_text_interfaces/include/speech_to_text_interfaces/speech_to_text_interfaces/msg
[0.990s] -- Up-to-date: /home/dredre/DevStuff/scrollDiary/speechToText/install/speech_to_text_interfaces/include/speech_to_text_interfaces/speech_to_text_interfaces/msg/rosidl_typesupport_fastrtps_c__visibility_control.h
[0.990s] -- Up-to-date: /home/dredre/DevStuff/scrollDiary/speechToText/install/speech_to_text_interfaces/include/speech_to_text_interfaces/speech_to_text_interfaces/msg/detail
[0.991s] -- Up-to-date: /home/dredre/DevStuff/scrollDiary/speechToText/install/speech_to_text_interfaces/include/speech_to_text_interfaces/speech_to_text_interfaces/msg/detail/audio_stamped__rosidl_typesupport_fastrtps_c.h
[0.991s] -- Up-to-date: /home/dredre/DevStuff/scrollDiary/speechToText/install/speech_to_text_interfaces/lib/libspeech_to_text_interfaces__rosidl_typesupport_fastrtps_c.so
[0.991s] -- Up-to-date: /home/dredre/DevStuff/scrollDiary/speechToText/install/speech_to_text_interfaces/include/speech_to_text_interfaces/speech_to_text_interfaces
[0.991s] -- Up-to-date: /home/dredre/DevStuff/scrollDiary/speechToText/install/speech_to_text_interfaces/include/speech_to_text_interfaces/speech_to_text_interfaces/msg
[0.991s] -- Up-to-date: /home/dredre/DevStuff/scrollDiary/speechToText/install/speech_to_text_interfaces/include/speech_to_text_interfaces/speech_to_text_interfaces/msg/rosidl_typesupport_introspection_c__visibility_control.h
[0.991s] -- Up-to-date: /home/dredre/DevStuff/scrollDiary/speechToText/install/speech_to_text_interfaces/include/speech_to_text_interfaces/speech_to_text_interfaces/msg/detail
[0.991s] -- Up-to-date: /home/dredre/DevStuff/scrollDiary/speechToText/install/speech_to_text_interfaces/include/speech_to_text_interfaces/speech_to_text_interfaces/msg/detail/audio_stamped__rosidl_typesupport_introspection_c.h
[0.991s] -- Installing: /home/dredre/DevStuff/scrollDiary/speechToText/install/speech_to_text_interfaces/include/speech_to_text_interfaces/speech_to_text_interfaces/msg/detail/audio_stamped__type_support.c
[0.991s] -- Up-to-date: /home/dredre/DevStuff/scrollDiary/speechToText/install/speech_to_text_interfaces/lib/libspeech_to_text_interfaces__rosidl_typesupport_introspection_c.so
[0.991s] -- Up-to-date: /home/dredre/DevStuff/scrollDiary/speechToText/install/speech_to_text_interfaces/lib/libspeech_to_text_interfaces__rosidl_typesupport_c.so
[0.993s] -- Up-to-date: /home/dredre/DevStuff/scrollDiary/speechToText/install/speech_to_text_interfaces/include/speech_to_text_interfaces/speech_to_text_interfaces
[0.993s] -- Up-to-date: /home/dredre/DevStuff/scrollDiary/speechToText/install/speech_to_text_interfaces/include/speech_to_text_interfaces/speech_to_text_interfaces/msg
[0.993s] -- Up-to-date: /home/dredre/DevStuff/scrollDiary/speechToText/install/speech_to_text_interfaces/include/speech_to_text_interfaces/speech_to_text_interfaces/msg/rosidl_generator_cpp__visibility_control.hpp
[0.993s] -- Up-to-date: /home/dredre/DevStuff/scrollDiary/speechToText/install/speech_to_text_interfaces/include/speech_to_text_interfaces/speech_to_text_interfaces/msg/audio_stamped.hpp
[0.993s] -- Up-to-date: /home/dredre/DevStuff/scrollDiary/speechToText/install/speech_to_text_interfaces/include/speech_to_text_interfaces/speech_to_text_interfaces/msg/detail
[0.994s] -- Up-to-date: /home/dredre/DevStuff/scrollDiary/speechToText/install/speech_to_text_interfaces/include/speech_to_text_interfaces/speech_to_text_interfaces/msg/detail/audio_stamped__builder.hpp
[0.994s] -- Up-to-date: /home/dredre/DevStuff/scrollDiary/speechToText/install/speech_to_text_interfaces/include/speech_to_text_interfaces/speech_to_text_interfaces/msg/detail/audio_stamped__struct.hpp
[0.994s] -- Up-to-date: /home/dredre/DevStuff/scrollDiary/speechToText/install/speech_to_text_interfaces/include/speech_to_text_interfaces/speech_to_text_interfaces/msg/detail/audio_stamped__traits.hpp
[0.994s] -- Up-to-date: /home/dredre/DevStuff/scrollDiary/speechToText/install/speech_to_text_interfaces/include/speech_to_text_interfaces/speech_to_text_interfaces/msg/detail/audio_stamped__type_support.hpp
[0.994s] -- Up-to-date: /home/dredre/DevStuff/scrollDiary/speechToText/install/speech_to_text_interfaces/include/speech_to_text_interfaces/speech_to_text_interfaces
[0.995s] -- Up-to-date: /home/dredre/DevStuff/scrollDiary/speechToText/install/speech_to_text_interfaces/include/speech_to_text_interfaces/speech_to_text_interfaces/msg
[0.995s] -- Up-to-date: /home/dredre/DevStuff/scrollDiary/speechToText/install/speech_to_text_interfaces/include/speech_to_text_interfaces/speech_to_text_interfaces/msg/rosidl_typesupport_fastrtps_cpp__visibility_control.h
[0.995s] -- Up-to-date: /home/dredre/DevStuff/scrollDiary/speechToText/install/speech_to_text_interfaces/include/speech_to_text_interfaces/speech_to_text_interfaces/msg/detail
[0.995s] -- Up-to-date: /home/dredre/DevStuff/scrollDiary/speechToText/install/speech_to_text_interfaces/include/speech_to_text_interfaces/speech_to_text_interfaces/msg/detail/audio_stamped__rosidl_typesupport_fastrtps_cpp.hpp
[0.995s] -- Up-to-date: /home/dredre/DevStuff/scrollDiary/speechToText/install/speech_to_text_interfaces/include/speech_to_text_interfaces/speech_to_text_interfaces/msg/detail/dds_fastrtps
[0.995s] -- Up-to-date: /home/dredre/DevStuff/scrollDiary/speechToText/install/speech_to_text_interfaces/lib/libspeech_to_text_interfaces__rosidl_typesupport_fastrtps_cpp.so
[0.995s] -- Up-to-date: /home/dredre/DevStuff/scrollDiary/speechToText/install/speech_to_text_interfaces/include/speech_to_text_interfaces/speech_to_text_interfaces
[0.995s] -- Up-to-date: /home/dredre/DevStuff/scrollDiary/speechToText/install/speech_to_text_interfaces/include/speech_to_text_interfaces/speech_to_text_interfaces/msg
[0.995s] -- Up-to-date: /home/dredre/DevStuff/scrollDiary/speechToText/install/speech_to_text_interfaces/include/speech_to_text_interfaces/speech_to_text_interfaces/msg/detail
[0.995s] -- Up-to-date: /home/dredre/DevStuff/scrollDiary/speechToText/install/speech_to_text_interfaces/include/speech_to_text_interfaces/speech_to_text_interfaces/msg/detail/audio_stamped__rosidl_typesupport_introspection_cpp.hpp
[0.996s] -- Up-to-date: /home/dredre/DevStuff/scrollDiary/speechToText/install/speech_to_text_interfaces/include/speech_to_text_interfaces/speech_to_text_interfaces/msg/detail/audio_stamped__type_support.cpp
[0.996s] -- Up-to-date: /home/dredre/DevStuff/scrollDiary/speechToText/install/speech_to_text_interfaces/lib/libspeech_to_text_interfaces__rosidl_typesupport_introspection_cpp.so
[0.996s] -- Up-to-date: /home/dredre/DevStuff/scrollDiary/speechToText/install/speech_to_text_interfaces/lib/libspeech_to_text_interfaces__rosidl_typesupport_cpp.so
[0.996s] -- Up-to-date: /home/dredre/DevStuff/scrollDiary/speechToText/install/speech_to_text_interfaces/share/speech_to_text_interfaces/environment/pythonpath.sh
[0.996s] -- Up-to-date: /home/dredre/DevStuff/scrollDiary/speechToText/install/speech_to_text_interfaces/share/speech_to_text_interfaces/environment/pythonpath.dsv
[0.996s] -- Up-to-date: /home/dredre/DevStuff/scrollDiary/speechToText/install/speech_to_text_interfaces/lib/python3.12/site-packages/speech_to_text_interfaces-0.0.0-py3.12.egg-info
[0.996s] -- Installing: /home/dredre/DevStuff/scrollDiary/speechToText/install/speech_to_text_interfaces/lib/python3.12/site-packages/speech_to_text_interfaces-0.0.0-py3.12.egg-info/dependency_links.txt
[0.996s] -- Installing: /home/dredre/DevStuff/scrollDiary/speechToText/install/speech_to_text_interfaces/lib/python3.12/site-packages/speech_to_text_interfaces-0.0.0-py3.12.egg-info/top_level.txt
[0.996s] -- Installing: /home/dredre/DevStuff/scrollDiary/speechToText/install/speech_to_text_interfaces/lib/python3.12/site-packages/speech_to_text_interfaces-0.0.0-py3.12.egg-info/SOURCES.txt
[0.997s] -- Installing: /home/dredre/DevStuff/scrollDiary/speechToText/install/speech_to_text_interfaces/lib/python3.12/site-packages/speech_to_text_interfaces-0.0.0-py3.12.egg-info/PKG-INFO
[0.997s] -- Up-to-date: /home/dredre/DevStuff/scrollDiary/speechToText/install/speech_to_text_interfaces/lib/python3.12/site-packages/speech_to_text_interfaces
[0.997s] -- Up-to-date: /home/dredre/DevStuff/scrollDiary/speechToText/install/speech_to_text_interfaces/lib/python3.12/site-packages/speech_to_text_interfaces/_speech_to_text_interfaces_s.ep.rosidl_typesupport_fastrtps_c.c
[0.997s] -- Up-to-date: /home/dredre/DevStuff/scrollDiary/speechToText/install/speech_to_text_interfaces/lib/python3.12/site-packages/speech_to_text_interfaces/_speech_to_text_interfaces_s.ep.rosidl_typesupport_introspection_c.c
[0.997s] -- Up-to-date: /home/dredre/DevStuff/scrollDiary/speechToText/install/speech_to_text_interfaces/lib/python3.12/site-packages/speech_to_text_interfaces/speech_to_text_interfaces_s__rosidl_typesupport_c.so
[0.997s] -- Up-to-date: /home/dredre/DevStuff/scrollDiary/speechToText/install/speech_to_text_interfaces/lib/python3.12/site-packages/speech_to_text_interfaces/msg
[0.997s] -- Up-to-date: /home/dredre/DevStuff/scrollDiary/speechToText/install/speech_to_text_interfaces/lib/python3.12/site-packages/speech_to_text_interfaces/msg/_audio_stamped_s.c
[0.997s] -- Up-to-date: /home/dredre/DevStuff/scrollDiary/speechToText/install/speech_to_text_interfaces/lib/python3.12/site-packages/speech_to_text_interfaces/msg/__init__.py
[0.997s] -- Up-to-date: /home/dredre/DevStuff/scrollDiary/speechToText/install/speech_to_text_interfaces/lib/python3.12/site-packages/speech_to_text_interfaces/msg/_audio_stamped.py
[0.997s] -- Up-to-date: /home/dredre/DevStuff/scrollDiary/speechToText/install/speech_to_text_interfaces/lib/python3.12/site-packages/speech_to_text_interfaces/__init__.py
[0.998s] -- Up-to-date: /home/dredre/DevStuff/scrollDiary/speechToText/install/speech_to_text_interfaces/lib/python3.12/site-packages/speech_to_text_interfaces/speech_to_text_interfaces_s__rosidl_typesupport_introspection_c.so
[0.998s] -- Up-to-date: /home/dredre/DevStuff/scrollDiary/speechToText/install/speech_to_text_interfaces/lib/python3.12/site-packages/speech_to_text_interfaces/speech_to_text_interfaces_s__rosidl_typesupport_fastrtps_c.so
[0.998s] -- Up-to-date: /home/dredre/DevStuff/scrollDiary/speechToText/install/speech_to_text_interfaces/lib/python3.12/site-packages/speech_to_text_interfaces/_speech_to_text_interfaces_s.ep.rosidl_typesupport_c.c
[1.056s] Listing '/home/dredre/DevStuff/scrollDiary/speechToText/install/speech_to_text_interfaces/lib/python3.12/site-packages/speech_to_text_interfaces'...
[1.056s] Listing '/home/dredre/DevStuff/scrollDiary/speechToText/install/speech_to_text_interfaces/lib/python3.12/site-packages/speech_to_text_interfaces/msg'...
[1.069s] -- Up-to-date: /home/dredre/DevStuff/scrollDiary/speechToText/install/speech_to_text_interfaces/lib/python3.12/site-packages/speech_to_text_interfaces/speech_to_text_interfaces_s__rosidl_typesupport_fastrtps_c.so
[1.070s] -- Up-to-date: /home/dredre/DevStuff/scrollDiary/speechToText/install/speech_to_text_interfaces/lib/python3.12/site-packages/speech_to_text_interfaces/speech_to_text_interfaces_s__rosidl_typesupport_introspection_c.so
[1.070s] -- Up-to-date: /home/dredre/DevStuff/scrollDiary/speechToText/install/speech_to_text_interfaces/lib/python3.12/site-packages/speech_to_text_interfaces/speech_to_text_interfaces_s__rosidl_typesupport_c.so
[1.071s] -- Up-to-date: /home/dredre/DevStuff/scrollDiary/speechToText/install/speech_to_text_interfaces/lib/libspeech_to_text_interfaces__rosidl_generator_py.so
[1.071s] -- Up-to-date: /home/dredre/DevStuff/scrollDiary/speechToText/install/speech_to_text_interfaces/share/speech_to_text_interfaces/msg/AudioStamped.idl
[1.071s] -- Up-to-date: /home/dredre/DevStuff/scrollDiary/speechToText/install/speech_to_text_interfaces/share/speech_to_text_interfaces/msg/AudioStamped.msg
[1.071s] -- Up-to-date: /home/dredre/DevStuff/scrollDiary/speechToText/install/speech_to_text_interfaces/share/ament_index/resource_index/package_run_dependencies/speech_to_text_interfaces
[1.072s] -- Up-to-date: /home/dredre/DevStuff/scrollDiary/speechToText/install/speech_to_text_interfaces/share/ament_index/resource_index/parent_prefix_path/speech_to_text_interfaces
[1.073s] -- Up-to-date: /home/dredre/DevStuff/scrollDiary/speechToText/install/speech_to_text_interfaces/share/speech_to_text_interfaces/environment/ament_prefix_path.sh
[1.073s] -- Up-to-date: /home/dredre/DevStuff/scrollDiary/speechToText/install/speech_to_text_interfaces/share/speech_to_text_interfaces/environment/ament_prefix_path.dsv
[1.074s] -- Up-to-date: /home/dredre/DevStuff/scrollDiary/speechToText/install/speech_to_text_interfaces/share/speech_to_text_interfaces/environment/path.sh
[1.074s] -- Up-to-date: /home/dredre/DevStuff/scrollDiary/speechToText/install/speech_to_text_interfaces/share/speech_to_text_interfaces/environment/path.dsv
[1.074s] -- Up-to-date: /home/dredre/DevStuff/scrollDiary/speechToText/install/speech_to_text_interfaces/share/speech_to_text_interfaces/local_setup.bash
[1.074s] -- Up-to-date: /home/dredre/DevStuff/scrollDiary/speechToText/install/speech_to_text_interfaces/share/speech_to_text_interfaces/local_setup.sh
[1.074s] -- Up-to-date: /home/dredre/DevStuff/scrollDiary/speechToText/install/speech_to_text_interfaces/share/speech_to_text_interfaces/local_setup.zsh
[1.074s] -- Up-to-date: /home/dredre/DevStuff/scrollDiary/speechToText/install/speech_to_text_interfaces/share/speech_to_text_interfaces/local_setup.dsv
[1.074s] -- Installing: /home/dredre/DevStuff/scrollDiary/speechToText/install/speech_to_text_interfaces/share/speech_to_text_interfaces/package.dsv
[1.074s] -- Up-to-date: /home/dredre/DevStuff/scrollDiary/speechToText/install/speech_to_text_interfaces/share/ament_index/resource_index/packages/speech_to_text_interfaces
[1.074s] -- Up-to-date: /home/dredre/DevStuff/scrollDiary/speechToText/install/speech_to_text_interfaces/share/speech_to_text_interfaces/cmake/export_speech_to_text_interfaces__rosidl_generator_cExport.cmake
[1.074s] -- Up-to-date: /home/dredre/DevStuff/scrollDiary/speechToText/install/speech_to_text_interfaces/share/speech_to_text_interfaces/cmake/export_speech_to_text_interfaces__rosidl_generator_cExport-noconfig.cmake
[1.075s] -- Up-to-date: /home/dredre/DevStuff/scrollDiary/speechToText/install/speech_to_text_interfaces/share/speech_to_text_interfaces/cmake/export_speech_to_text_interfaces__rosidl_typesupport_fastrtps_cExport.cmake
[1.075s] -- Up-to-date: /home/dredre/DevStuff/scrollDiary/speechToText/install/speech_to_text_interfaces/share/speech_to_text_interfaces/cmake/export_speech_to_text_interfaces__rosidl_typesupport_fastrtps_cExport-noconfig.cmake
[1.075s] -- Up-to-date: /home/dredre/DevStuff/scrollDiary/speechToText/install/speech_to_text_interfaces/share/speech_to_text_interfaces/cmake/speech_to_text_interfaces__rosidl_typesupport_introspection_cExport.cmake
[1.075s] -- Up-to-date: /home/dredre/DevStuff/scrollDiary/speechToText/install/speech_to_text_interfaces/share/speech_to_text_interfaces/cmake/speech_to_text_interfaces__rosidl_typesupport_introspection_cExport-noconfig.cmake
[1.075s] -- Up-to-date: /home/dredre/DevStuff/scrollDiary/speechToText/install/speech_to_text_interfaces/share/speech_to_text_interfaces/cmake/speech_to_text_interfaces__rosidl_typesupport_cExport.cmake
[1.075s] -- Up-to-date: /home/dredre/DevStuff/scrollDiary/speechToText/install/speech_to_text_interfaces/share/speech_to_text_interfaces/cmake/speech_to_text_interfaces__rosidl_typesupport_cExport-noconfig.cmake
[1.075s] -- Up-to-date: /home/dredre/DevStuff/scrollDiary/speechToText/install/speech_to_text_interfaces/share/speech_to_text_interfaces/cmake/export_speech_to_text_interfaces__rosidl_generator_cppExport.cmake
[1.075s] -- Up-to-date: /home/dredre/DevStuff/scrollDiary/speechToText/install/speech_to_text_interfaces/share/speech_to_text_interfaces/cmake/export_speech_to_text_interfaces__rosidl_typesupport_fastrtps_cppExport.cmake
[1.076s] -- Up-to-date: /home/dredre/DevStuff/scrollDiary/speechToText/install/speech_to_text_interfaces/share/speech_to_text_interfaces/cmake/export_speech_to_text_interfaces__rosidl_typesupport_fastrtps_cppExport-noconfig.cmake
[1.076s] -- Up-to-date: /home/dredre/DevStuff/scrollDiary/speechToText/install/speech_to_text_interfaces/share/speech_to_text_interfaces/cmake/speech_to_text_interfaces__rosidl_typesupport_introspection_cppExport.cmake
[1.076s] -- Up-to-date: /home/dredre/DevStuff/scrollDiary/speechToText/install/speech_to_text_interfaces/share/speech_to_text_interfaces/cmake/speech_to_text_interfaces__rosidl_typesupport_introspection_cppExport-noconfig.cmake
[1.076s] -- Up-to-date: /home/dredre/DevStuff/scrollDiary/speechToText/install/speech_to_text_interfaces/share/speech_to_text_interfaces/cmake/speech_to_text_interfaces__rosidl_typesupport_cppExport.cmake
[1.076s] -- Up-to-date: /home/dredre/DevStuff/scrollDiary/speechToText/install/speech_to_text_interfaces/share/speech_to_text_interfaces/cmake/speech_to_text_interfaces__rosidl_typesupport_cppExport-noconfig.cmake
[1.076s] -- Up-to-date: /home/dredre/DevStuff/scrollDiary/speechToText/install/speech_to_text_interfaces/share/speech_to_text_interfaces/cmake/export_speech_to_text_interfaces__rosidl_generator_pyExport.cmake
[1.076s] -- Up-to-date: /home/dredre/DevStuff/scrollDiary/speechToText/install/speech_to_text_interfaces/share/speech_to_text_interfaces/cmake/export_speech_to_text_interfaces__rosidl_generator_pyExport-noconfig.cmake
[1.077s] -- Up-to-date: /home/dredre/DevStuff/scrollDiary/speechToText/install/speech_to_text_interfaces/share/speech_to_text_interfaces/cmake/rosidl_cmake-extras.cmake
[1.077s] -- Up-to-date: /home/dredre/DevStuff/scrollDiary/speechToText/install/speech_to_text_interfaces/share/speech_to_text_interfaces/cmake/ament_cmake_export_include_directories-extras.cmake
[1.077s] -- Up-to-date: /home/dredre/DevStuff/scrollDiary/speechToText/install/speech_to_text_interfaces/share/speech_to_text_interfaces/cmake/ament_cmake_export_libraries-extras.cmake
[1.077s] -- Up-to-date: /home/dredre/DevStuff/scrollDiary/speechToText/install/speech_to_text_interfaces/share/speech_to_text_interfaces/cmake/ament_cmake_export_targets-extras.cmake
[1.077s] -- Up-to-date: /home/dredre/DevStuff/scrollDiary/speechToText/install/speech_to_text_interfaces/share/speech_to_text_interfaces/cmake/rosidl_cmake_export_typesupport_targets-extras.cmake
[1.077s] -- Up-to-date: /home/dredre/DevStuff/scrollDiary/speechToText/install/speech_to_text_interfaces/share/speech_to_text_interfaces/cmake/ament_cmake_export_dependencies-extras.cmake
[1.077s] -- Up-to-date: /home/dredre/DevStuff/scrollDiary/speechToText/install/speech_to_text_interfaces/share/speech_to_text_interfaces/cmake/rosidl_cmake_export_typesupport_libraries-extras.cmake
[1.078s] -- Up-to-date: /home/dredre/DevStuff/scrollDiary/speechToText/install/speech_to_text_interfaces/share/speech_to_text_interfaces/cmake/speech_to_text_interfacesConfig.cmake
[1.078s] -- Up-to-date: /home/dredre/DevStuff/scrollDiary/speechToText/install/speech_to_text_interfaces/share/speech_to_text_interfaces/cmake/speech_to_text_interfacesConfig-version.cmake
[1.078s] -- Up-to-date: /home/dredre/DevStuff/scrollDiary/speechToText/install/speech_to_text_interfaces/share/speech_to_text_interfaces/package.xml
[1.079s] Invoked command in '/home/dredre/DevStuff/scrollDiary/speechToText/build/speech_to_text_interfaces' returned '0': CMAKE_PREFIX_PATH=${CMAKE_PREFIX_PATH}:/opt/ros/jazzy DEBUGINFOD_URLS=https://debuginfod.ubuntu.com /usr/local/bin/cmake --install /home/dredre/DevStuff/scrollDiary/speechToText/build/speech_to_text_interfaces
