[0.023s] Invoking command in '/home/dredre/DevStuff/scrollDiary/speechToText/ros2Workspace/build/speech_to_text_pkg': CMAKE_PREFIX_PATH=${CMAKE_PREFIX_PATH}:/opt/ros/jazzy DEBUGINFOD_URLS=https://debuginfod.ubuntu.com /usr/local/bin/cmake --build /home/dredre/DevStuff/scrollDiary/speechToText/ros2Workspace/build/speech_to_text_pkg -- -j4 -l4
[0.044s] [0mCMake Deprecation Warning at CMakeLists.txt:1 (cmake_minimum_required):
[0.045s]   Compatibility with CMake < 3.10 will be removed from a future version of
[0.045s]   CMake.
[0.045s] 
[0.045s]   Update the VERSION argument <min> value.  Or, use the <min>...<max> syntax
[0.045s]   to tell CMake that the project requires at least <min> but has been updated
[0.045s]   to work with policies introduced by <max> or earlier.
[0.045s] 
[0.045s] [0m
[0.062s] -- Found ament_cmake: 2.5.5 (/opt/ros/jazzy/share/ament_cmake/cmake)
[0.423s] -- Found rclcpp: 28.1.16 (/opt/ros/jazzy/share/rclcpp/cmake)
[0.470s] -- Found rosidl_generator_c: 4.6.7 (/opt/ros/jazzy/share/rosidl_generator_c/cmake)
[0.484s] -- Found rosidl_generator_cpp: 4.6.7 (/opt/ros/jazzy/share/rosidl_generator_cpp/cmake)
[0.503s] -- Using all available rosidl_typesupport_c: rosidl_typesupport_fastrtps_c;rosidl_typesupport_introspection_c
[0.526s] -- Using all available rosidl_typesupport_cpp: rosidl_typesupport_fastrtps_cpp;rosidl_typesupport_introspection_cpp
[0.617s] -- Found rmw_implementation_cmake: 7.3.3 (/opt/ros/jazzy/share/rmw_implementation_cmake/cmake)
[0.618s] -- Found rmw_fastrtps_cpp: 8.4.3 (/opt/ros/jazzy/share/rmw_fastrtps_cpp/cmake)
[0.711s] -- Using RMW implementation 'rmw_fastrtps_cpp' as default
[0.795s] -- Found rclpy: 7.1.9 (/opt/ros/jazzy/share/rclpy/cmake)
[0.796s] -- Does script exist: /home/dredre/DevStuff/scrollDiary/speechToText/ros2Workspace/src/speech_to_text_pkg/scripts/py_node.py
[0.953s] -- Configuring done (0.9s)
[0.970s] -- Generating done (0.0s)
[0.973s] -- Build files have been written to: /home/dredre/DevStuff/scrollDiary/speechToText/ros2Workspace/build/speech_to_text_pkg
[1.028s] [ 50%] [32mBuilding CXX object CMakeFiles/minimal_cpp_node.dir/src/minimalNode1.cpp.o[0m
[4.471s] [01m[K/home/dredre/DevStuff/scrollDiary/speechToText/ros2Workspace/src/speech_to_text_pkg/src/minimalNode1.cpp:[m[K In function ‘[01m[Kint[01;32m[K main[m[K(int, char**)[m[K’:
[4.472s] [01m[K/home/dredre/DevStuff/scrollDiary/speechToText/ros2Workspace/src/speech_to_text_pkg/src/minimalNode1.cpp:11:5:[m[K [01;31m[Kerror: [m[K‘[01m[KincludeClassInstancee[m[K’ was not declared in this scope; did you mean ‘[01m[KincludeClassInstance[m[K’?
[4.472s]    11 |     [01;31m[KincludeClassInstancee[m[K.count = 2;
[4.472s]       |     [01;31m[K^~~~~~~~~~~~~~~~~~~~~[m[K
[4.472s]       |     [32m[KincludeClassInstance[m[K
[4.472s] [01m[K/home/dredre/DevStuff/scrollDiary/speechToText/ros2Workspace/src/speech_to_text_pkg/src/minimalNode1.cpp:12:26:[m[K [01;31m[Kerror: [m[K‘[01m[Kstd::string includeClass::name[m[K’ is private within this context
[4.472s]    12 |     includeClassInstance.[01;31m[Kname[m[K = "includeClassName";
[4.472s]       |                          [01;31m[K^~~~[m[K
[4.472s] In file included from [01m[K/home/dredre/DevStuff/scrollDiary/speechToText/ros2Workspace/src/speech_to_text_pkg/src/minimalNode1.cpp:2[m[K:
[4.472s] [01m[K/home/dredre/DevStuff/scrollDiary/speechToText/ros2Workspace/src/speech_to_text_pkg/include/minimalNodeInclude.hpp:5:17:[m[K [01;36m[Knote: [m[Kdeclared private here
[4.473s]     5 |     std::string [01;36m[Kname[m[K;
[4.473s]       |                 [01;36m[K^~~~[m[K
[4.473s] [01m[K/home/dredre/DevStuff/scrollDiary/speechToText/ros2Workspace/src/speech_to_text_pkg/src/minimalNode1.cpp:13:65:[m[K [01;31m[Kerror: [m[K‘[01m[Kint includeClass::count[m[K’ is private within this context
[4.473s]    13 | std::cout << "includeClassInstance" << includeClassInstance.[01;31m[Kcount[m[K <<  " " << includeClassInstance.name << "\n";
[4.473s]       |                                                             [01;31m[K^~~~~[m[K
[4.473s] 
[4.473s] [01m[K/home/dredre/DevStuff/scrollDiary/speechToText/ros2Workspace/src/speech_to_text_pkg/include/minimalNodeInclude.hpp:4:9:[m[K [01;36m[Knote: [m[Kdeclared private here
[4.473s]     4 |     int [01;36m[Kcount[m[K;
[4.473s]       |         [01;36m[K^~~~~[m[K
[4.473s] [01m[K/home/dredre/DevStuff/scrollDiary/speechToText/ros2Workspace/src/speech_to_text_pkg/src/minimalNode1.cpp:13:103:[m[K [01;31m[Kerror: [m[K‘[01m[Kstd::string includeClass::name[m[K’ is private within this context
[4.473s]    13 |  includeClassInstance.count <<  " " << includeClassInstance.[01;31m[Kname[m[K << "\n";
[4.474s]       |                                                             [01;31m[K^~~~[m[K
[4.474s] 
[4.474s] [01m[K/home/dredre/DevStuff/scrollDiary/speechToText/ros2Workspace/src/speech_to_text_pkg/include/minimalNodeInclude.hpp:5:17:[m[K [01;36m[Knote: [m[Kdeclared private here
[4.474s]     5 |     std::string [01;36m[Kname[m[K;
[4.474s]       |                 [01;36m[K^~~~[m[K
[5.695s] gmake[2]: *** [CMakeFiles/minimal_cpp_node.dir/build.make:79: CMakeFiles/minimal_cpp_node.dir/src/minimalNode1.cpp.o] Error 1
[5.695s] gmake[1]: *** [CMakeFiles/Makefile2:153: CMakeFiles/minimal_cpp_node.dir/all] Error 2
[5.695s] gmake: *** [Makefile:146: all] Error 2
[5.698s] Invoked command in '/home/dredre/DevStuff/scrollDiary/speechToText/ros2Workspace/build/speech_to_text_pkg' returned '2': CMAKE_PREFIX_PATH=${CMAKE_PREFIX_PATH}:/opt/ros/jazzy DEBUGINFOD_URLS=https://debuginfod.ubuntu.com /usr/local/bin/cmake --build /home/dredre/DevStuff/scrollDiary/speechToText/ros2Workspace/build/speech_to_text_pkg -- -j4 -l4
