[0.037s] Invoking command in '/home/dredre/DevStuff/scrollDiary/speechToText/ros2Workspace/build/speech_to_text_pkg': AMENT_PREFIX_PATH=/home/dredre/DevStuff/scrollDiary/speechToText/ros2Workspace/install/speech_to_text_interfaces:${AMENT_PREFIX_PATH} CMAKE_PREFIX_PATH=/home/dredre/DevStuff/scrollDiary/speechToText/ros2Workspace/install/speech_to_text_interfaces:/opt/ros/jazzy/opt/sdformat_vendor:/opt/ros/jazzy/opt/gz_math_vendor:/opt/ros/jazzy/opt/gz_utils_vendor:/opt/ros/jazzy/opt/gz_tools_vendor:/opt/ros/jazzy/opt/gz_cmake_vendor:/opt/ros/jazzy DEBUGINFOD_URLS=https://debuginfod.ubuntu.com LD_LIBRARY_PATH=/home/dredre/DevStuff/scrollDiary/speechToText/ros2Workspace/install/speech_to_text_interfaces/lib:${LD_LIBRARY_PATH} PYTHONPATH=/home/dredre/DevStuff/scrollDiary/speechToText/ros2Workspace/install/speech_to_text_interfaces/lib/python3.12/site-packages:${PYTHONPATH} /usr/local/bin/cmake --build /home/dredre/DevStuff/scrollDiary/speechToText/ros2Workspace/build/speech_to_text_pkg -- -j4 -l4
[0.101s] [ 25%] Built target ggml-base
[0.109s] [ 31%] Built target transcription_pre_process_node
[0.112s] [ 40%] Built target audio_capture_node
[0.134s] [ 82%] Built target ggml-cpu
[0.155s] [ 88%] Built target ggml
[0.177s] [ 94%] Built target whisper
[0.219s] [ 97%] [32mBuilding CXX object CMakeFiles/whisper_transcription_node.dir/src/whisperTranscriptionNode.cpp.o[0m
[3.898s] In file included from [01m[K/home/dredre/DevStuff/scrollDiary/speechToText/ros2Workspace/src/speech_to_text_pkg/src/whisperTranscriptionNode.cpp:1[m[K:
[3.898s] [01m[K/home/dredre/DevStuff/scrollDiary/speechToText/ros2Workspace/src/speech_to_text_pkg/include/speech_to_text_pkg/whisperTranscriptionNode.hpp:96:42:[m[K [01;31m[Kerror: [m[K‘[01m[KBool[m[K’ is not a member of ‘[01m[Kstd_msgs::msg[m[K’
[3.898s]    96 |         rclcpp::Publisher<std_msgs::msg::[01;31m[KBool[m[K>::SharedPtr transcriptionStatePublisher_;
[3.898s]       |                                          [01;31m[K^~~~[m[K
[3.898s] [01m[K/home/dredre/DevStuff/scrollDiary/speechToText/ros2Workspace/src/speech_to_text_pkg/include/speech_to_text_pkg/whisperTranscriptionNode.hpp:96:46:[m[K [01;31m[Kerror: [m[Ktemplate argument 1 is invalid
[3.898s]    96 |         rclcpp::Publisher<std_msgs::msg::Bool[01;31m[K>[m[K::SharedPtr transcriptionStatePublisher_;
[3.898s]       |                                              [01;31m[K^[m[K
[3.898s] [01m[K/home/dredre/DevStuff/scrollDiary/speechToText/ros2Workspace/src/speech_to_text_pkg/include/speech_to_text_pkg/whisperTranscriptionNode.hpp:96:49:[m[K [01;31m[Kerror: [m[Kexpected ‘[01m[K;[m[K’ at end of member declaration
[3.898s]    96 |         rclcpp::Publisher<std_msgs::msg::Bool>::[01;31m[KSharedPtr[m[K transcriptionStatePublisher_;
[3.899s]       |                                                 [01;31m[K^~~~~~~~~[m[K
[3.899s]       |                                                          [32m[K;[m[K
[3.908s] [01m[K/home/dredre/DevStuff/scrollDiary/speechToText/ros2Workspace/src/speech_to_text_pkg/include/speech_to_text_pkg/whisperTranscriptionNode.hpp:96:59:[m[K [01;31m[Kerror: [m[K‘[01m[KtranscriptionStatePublisher_[m[K’ does not name a type
[3.908s]    96 |         rclcpp::Publisher<std_msgs::msg::Bool>::SharedPtr [01;31m[KtranscriptionStatePublisher_[m[K;
[3.908s]       |                                                           [01;31m[K^~~~~~~~~~~~~~~~~~~~~~~~~~~~[m[K
[3.971s] [01m[K/home/dredre/DevStuff/scrollDiary/speechToText/ros2Workspace/src/speech_to_text_pkg/src/whisperTranscriptionNode.cpp:[m[K In constructor ‘[01m[KwhisperTranscriptionNode::[01;32m[KwhisperTranscriptionNode[m[K()[m[K’:
[3.971s] [01m[K/home/dredre/DevStuff/scrollDiary/speechToText/ros2Workspace/src/speech_to_text_pkg/src/whisperTranscriptionNode.cpp:28:5:[m[K [01;31m[Kerror: [m[K‘[01m[KtranscriptionStatePublisher_[m[K’ was not declared in this scope; did you mean ‘[01m[KtranscriptionPublisher_[m[K’?
[3.971s]    28 |     [01;31m[KtranscriptionStatePublisher_[m[K = create_publisher<std_msgs::msg::Bool>("/transcriptionState", 10);
[3.971s]       |     [01;31m[K^~~~~~~~~~~~~~~~~~~~~~~~~~~~[m[K
[3.972s]       |     [32m[KtranscriptionPublisher_[m[K
[3.972s] [01m[K/home/dredre/DevStuff/scrollDiary/speechToText/ros2Workspace/src/speech_to_text_pkg/src/whisperTranscriptionNode.cpp:28:68:[m[K [01;31m[Kerror: [m[K‘[01m[KBool[m[K’ is not a member of ‘[01m[Kstd_msgs::msg[m[K’
[3.972s]    28 | nscriptionStatePublisher_ = create_publisher<std_msgs::msg::[01;31m[KBool[m[K>("/transcriptionState", 10);
[3.972s]       |                                                             [01;31m[K^~~~[m[K
[3.973s] 
[3.973s] [01m[K/home/dredre/DevStuff/scrollDiary/speechToText/ros2Workspace/src/speech_to_text_pkg/src/whisperTranscriptionNode.cpp:28:73:[m[K [01;31m[Kerror: [m[Kno matching function for call to ‘[01m[KwhisperTranscriptionNode::create_publisher<<expression error> >(const char [20], int)[m[K’
[3.973s]    28 | ptionStatePublisher_ = [01;31m[Kcreate_publisher<std_msgs::msg::Bool>("/transcriptionState", 10)[m[K;
[3.973s]       |                        [01;31m[K~~~~~~~~~~~~~~~~~~~~~~~~~~~~~~~~~~~~~^~~~~~~~~~~~~~~~~~~~~~~~~~~[m[K
[3.973s] 
[3.973s] In file included from [01m[K/opt/ros/jazzy/include/rclcpp/rclcpp/node.hpp:1663[m[K,
[3.973s]                  from [01m[K/opt/ros/jazzy/include/rclcpp/rclcpp/executors/single_threaded_executor.hpp:28[m[K,
[3.973s]                  from [01m[K/opt/ros/jazzy/include/rclcpp/rclcpp/executors.hpp:22[m[K,
[3.973s]                  from [01m[K/opt/ros/jazzy/include/rclcpp/rclcpp/rclcpp.hpp:172[m[K,
[3.973s]                  from [01m[K/home/dredre/DevStuff/scrollDiary/speechToText/ros2Workspace/src/speech_to_text_pkg/include/speech_to_text_pkg/whisperTranscriptionNode.hpp:1[m[K:
[3.973s] [01m[K/opt/ros/jazzy/include/rclcpp/rclcpp/node_impl.hpp:73:1:[m[K [01;36m[Knote: [m[Kcandidate: ‘[01m[Ktemplate<class MessageT, class AllocatorT, class PublisherT> std::shared_ptr<PublisherT> rclcpp::Node::[01;32m[Kcreate_publisher[m[K(const std::string&, const rclcpp::QoS&, const rclcpp::PublisherOptionsWithAllocator<AllocatorT>&)[m[K’
[3.973s]    73 | [01;36m[KNode[m[K::create_publisher(
[3.974s]       | [01;36m[K^~~~[m[K
[3.974s] [01m[K/opt/ros/jazzy/include/rclcpp/rclcpp/node_impl.hpp:73:1:[m[K [01;36m[Knote: [m[K  template argument deduction/substitution failed:
[3.974s] [01m[K/home/dredre/DevStuff/scrollDiary/speechToText/ros2Workspace/src/speech_to_text_pkg/src/whisperTranscriptionNode.cpp:28:73:[m[K [01;31m[Kerror: [m[Ktemplate argument 1 is invalid
[3.974s]    28 | ptionStatePublisher_ = [01;31m[Kcreate_publisher<std_msgs::msg::Bool>("/transcriptionState", 10)[m[K;
[3.974s]       |                        [01;31m[K~~~~~~~~~~~~~~~~~~~~~~~~~~~~~~~~~~~~~^~~~~~~~~~~~~~~~~~~~~~~~~~~[m[K
[3.974s] 
[3.990s] [01m[K/home/dredre/DevStuff/scrollDiary/speechToText/ros2Workspace/src/speech_to_text_pkg/src/whisperTranscriptionNode.cpp:[m[K In member function ‘[01m[Kvoid whisperTranscriptionNode::[01;32m[KpublishState[m[K()[m[K’:
[3.990s] [01m[K/home/dredre/DevStuff/scrollDiary/speechToText/ros2Workspace/src/speech_to_text_pkg/src/whisperTranscriptionNode.cpp:131:31:[m[K [01;31m[Kerror: [m[K‘[01m[KBool[m[K’ is not a member of ‘[01m[Kstd_msgs::msg[m[K’
[3.990s]   131 |     auto msg = std_msgs::msg::[01;31m[KBool[m[K();
[3.991s]       |                               [01;31m[K^~~~[m[K
[4.009s] [01m[K/home/dredre/DevStuff/scrollDiary/speechToText/ros2Workspace/src/speech_to_text_pkg/src/whisperTranscriptionNode.cpp:133:5:[m[K [01;31m[Kerror: [m[K‘[01m[KtranscriptionStatePublisher_[m[K’ was not declared in this scope; did you mean ‘[01m[KtranscriptionPublisher_[m[K’?
[4.009s]   133 |     [01;31m[KtranscriptionStatePublisher_[m[K->publish(msg);
[4.009s]       |     [01;31m[K^~~~~~~~~~~~~~~~~~~~~~~~~~~~[m[K
[4.009s]       |     [32m[KtranscriptionPublisher_[m[K
[9.051s] gmake[2]: *** [CMakeFiles/whisper_transcription_node.dir/build.make:79: CMakeFiles/whisper_transcription_node.dir/src/whisperTranscriptionNode.cpp.o] Error 1
[9.051s] gmake[1]: *** [CMakeFiles/Makefile2:337: CMakeFiles/whisper_transcription_node.dir/all] Error 2
[9.052s] gmake: *** [Makefile:146: all] Error 2
[9.054s] Invoked command in '/home/dredre/DevStuff/scrollDiary/speechToText/ros2Workspace/build/speech_to_text_pkg' returned '2': AMENT_PREFIX_PATH=/home/dredre/DevStuff/scrollDiary/speechToText/ros2Workspace/install/speech_to_text_interfaces:${AMENT_PREFIX_PATH} CMAKE_PREFIX_PATH=/home/dredre/DevStuff/scrollDiary/speechToText/ros2Workspace/install/speech_to_text_interfaces:/opt/ros/jazzy/opt/sdformat_vendor:/opt/ros/jazzy/opt/gz_math_vendor:/opt/ros/jazzy/opt/gz_utils_vendor:/opt/ros/jazzy/opt/gz_tools_vendor:/opt/ros/jazzy/opt/gz_cmake_vendor:/opt/ros/jazzy DEBUGINFOD_URLS=https://debuginfod.ubuntu.com LD_LIBRARY_PATH=/home/dredre/DevStuff/scrollDiary/speechToText/ros2Workspace/install/speech_to_text_interfaces/lib:${LD_LIBRARY_PATH} PYTHONPATH=/home/dredre/DevStuff/scrollDiary/speechToText/ros2Workspace/install/speech_to_text_interfaces/lib/python3.12/site-packages:${PYTHONPATH} /usr/local/bin/cmake --build /home/dredre/DevStuff/scrollDiary/speechToText/ros2Workspace/build/speech_to_text_pkg -- -j4 -l4
