[0.027s] Invoking command in '/home/dredre/DevStuff/scrollDiary/speechToText/ros2Workspace/build/speech_to_text_pkg': AMENT_PREFIX_PATH=/home/dredre/DevStuff/scrollDiary/speechToText/ros2Workspace/install/speech_to_text_interfaces:${AMENT_PREFIX_PATH} CMAKE_PREFIX_PATH=/home/dredre/DevStuff/scrollDiary/speechToText/ros2Workspace/install/speech_to_text_interfaces:/opt/ros/jazzy/opt/sdformat_vendor:/opt/ros/jazzy/opt/gz_math_vendor:/opt/ros/jazzy/opt/gz_utils_vendor:/opt/ros/jazzy/opt/gz_tools_vendor:/opt/ros/jazzy/opt/gz_cmake_vendor:/opt/ros/jazzy DEBUGINFOD_URLS=https://debuginfod.ubuntu.com LD_LIBRARY_PATH=/home/dredre/DevStuff/scrollDiary/speechToText/ros2Workspace/install/speech_to_text_interfaces/lib:${LD_LIBRARY_PATH} PYTHONPATH=/home/dredre/DevStuff/scrollDiary/speechToText/ros2Workspace/install/speech_to_text_interfaces/lib/python3.12/site-packages:${PYTHONPATH} /usr/local/bin/cmake --build /home/dredre/DevStuff/scrollDiary/speechToText/ros2Workspace/build/speech_to_text_pkg -- -j4 -l4
[0.140s] [ 50%] [32mBuilding CXX object CMakeFiles/audio_capture_node.dir/src/audioCaptureNode.cpp.o[0m
[8.687s] [01m[K/home/dredre/DevStuff/scrollDiary/speechToText/ros2Workspace/src/speech_to_text_pkg/src/audioCaptureNode.cpp:3:22:[m[K [01;31m[Kerror: [m[K‘[01m[Kaudio_capture_node[m[K’ does not name a type; did you mean ‘[01m[KAudioCaptureNode[m[K’?
[8.688s]     3 | using AudioStamped = [01;31m[Kaudio_capture_node[m[K::msg::AudioStamped;
[8.688s]       |                      [01;31m[K^~~~~~~~~~~~~~~~~~[m[K
[8.688s]       |                      [32m[KAudioCaptureNode[m[K
[8.690s] [01m[K/home/dredre/DevStuff/scrollDiary/speechToText/ros2Workspace/src/speech_to_text_pkg/src/audioCaptureNode.cpp:[m[K In constructor ‘[01m[KAudioCaptureNode::[01;32m[KAudioCaptureNode[m[K(ma_uint32)[m[K’:
[8.690s] [01m[K/home/dredre/DevStuff/scrollDiary/speechToText/ros2Workspace/src/speech_to_text_pkg/src/audioCaptureNode.cpp:13:35:[m[K [01;31m[Kerror: [m[K‘[01m[KAudioStamped[m[K’ was not declared in this scope; did you mean ‘[01m[Kspeech_to_text_interfaces::msg::AudioStamped[m[K’?
[8.690s]    13 |     publisher_ = create_publisher<[01;31m[KAudioStamped[m[K>("/raw_audio", audio_qos);
[8.690s]       |                                   [01;31m[K^~~~~~~~~~~~[m[K
[8.690s]       |                                   [32m[Kspeech_to_text_interfaces::msg::AudioStamped[m[K
[8.690s] In file included from [01m[K/home/dredre/DevStuff/scrollDiary/speechToText/ros2Workspace/install/speech_to_text_interfaces/include/speech_to_text_interfaces/speech_to_text_interfaces/msg/audio_stamped.hpp:7[m[K,
[8.690s]                  from [01m[K/home/dredre/DevStuff/scrollDiary/speechToText/ros2Workspace/src/speech_to_text_pkg/include/speech_to_text_pkg/audio.hpp:9[m[K,
[8.690s]                  from [01m[K/home/dredre/DevStuff/scrollDiary/speechToText/ros2Workspace/src/speech_to_text_pkg/src/audioCaptureNode.cpp:1[m[K:
[8.690s] [01m[K/home/dredre/DevStuff/scrollDiary/speechToText/ros2Workspace/install/speech_to_text_interfaces/include/speech_to_text_interfaces/speech_to_text_interfaces/msg/detail/audio_stamped__struct.hpp:152:7:[m[K [01;36m[Knote: [m[K‘[01m[Kspeech_to_text_interfaces::msg::AudioStamped[m[K’ declared here
[8.690s]   152 | using [01;36m[KAudioStamped[m[K =
[8.690s]       |       [01;36m[K^~~~~~~~~~~~[m[K
[8.691s] [01m[K/home/dredre/DevStuff/scrollDiary/speechToText/ros2Workspace/src/speech_to_text_pkg/src/audioCaptureNode.cpp:13:48:[m[K [01;31m[Kerror: [m[Kno matching function for call to ‘[01m[KAudioCaptureNode::create_publisher<<expression error> >(const char [11], rclcpp::QoS&)[m[K’
[8.691s]    13 |     publisher_ = [01;31m[Kcreate_publisher<AudioStamped>("/raw_audio", audio_qos)[m[K;
[8.691s]       |                  [01;31m[K~~~~~~~~~~~~~~~~~~~~~~~~~~~~~~^~~~~~~~~~~~~~~~~~~~~~~~~[m[K
[8.691s] In file included from [01m[K/opt/ros/jazzy/include/rclcpp/rclcpp/executors/single_threaded_executor.hpp:28[m[K,
[8.691s]                  from [01m[K/opt/ros/jazzy/include/rclcpp/rclcpp/executors.hpp:22[m[K,
[8.691s]                  from [01m[K/opt/ros/jazzy/include/rclcpp/rclcpp/rclcpp.hpp:172[m[K,
[8.691s]                  from [01m[K/home/dredre/DevStuff/scrollDiary/speechToText/ros2Workspace/src/speech_to_text_pkg/include/speech_to_text_pkg/audio.hpp:6[m[K:
[8.691s] [01m[K/opt/ros/jazzy/include/rclcpp/rclcpp/node.hpp:197:3:[m[K [01;36m[Knote: [m[Kcandidate: ‘[01m[Ktemplate<class MessageT, class AllocatorT, class PublisherT> std::shared_ptr<PublisherT> rclcpp::Node::[01;32m[Kcreate_publisher[m[K(const std::string&, const rclcpp::QoS&, const rclcpp::PublisherOptionsWithAllocator<AllocatorT>&)[m[K’
[8.691s]   197 |   [01;36m[Kcreate_publisher[m[K(
[8.691s]       |   [01;36m[K^~~~~~~~~~~~~~~~[m[K
[8.691s] [01m[K/opt/ros/jazzy/include/rclcpp/rclcpp/node.hpp:197:3:[m[K [01;36m[Knote: [m[K  template argument deduction/substitution failed:
[8.692s] [01m[K/home/dredre/DevStuff/scrollDiary/speechToText/ros2Workspace/src/speech_to_text_pkg/src/audioCaptureNode.cpp:13:48:[m[K [01;31m[Kerror: [m[Ktemplate argument 1 is invalid
[8.692s]    13 |     publisher_ = [01;31m[Kcreate_publisher<AudioStamped>("/raw_audio", audio_qos)[m[K;
[8.692s]       |                  [01;31m[K~~~~~~~~~~~~~~~~~~~~~~~~~~~~~~^~~~~~~~~~~~~~~~~~~~~~~~~[m[K
[10.915s] gmake[2]: *** [CMakeFiles/audio_capture_node.dir/build.make:79: CMakeFiles/audio_capture_node.dir/src/audioCaptureNode.cpp.o] Error 1
[10.915s] gmake[1]: *** [CMakeFiles/Makefile2:153: CMakeFiles/audio_capture_node.dir/all] Error 2
[10.915s] gmake: *** [Makefile:146: all] Error 2
[10.919s] Invoked command in '/home/dredre/DevStuff/scrollDiary/speechToText/ros2Workspace/build/speech_to_text_pkg' returned '2': AMENT_PREFIX_PATH=/home/dredre/DevStuff/scrollDiary/speechToText/ros2Workspace/install/speech_to_text_interfaces:${AMENT_PREFIX_PATH} CMAKE_PREFIX_PATH=/home/dredre/DevStuff/scrollDiary/speechToText/ros2Workspace/install/speech_to_text_interfaces:/opt/ros/jazzy/opt/sdformat_vendor:/opt/ros/jazzy/opt/gz_math_vendor:/opt/ros/jazzy/opt/gz_utils_vendor:/opt/ros/jazzy/opt/gz_tools_vendor:/opt/ros/jazzy/opt/gz_cmake_vendor:/opt/ros/jazzy DEBUGINFOD_URLS=https://debuginfod.ubuntu.com LD_LIBRARY_PATH=/home/dredre/DevStuff/scrollDiary/speechToText/ros2Workspace/install/speech_to_text_interfaces/lib:${LD_LIBRARY_PATH} PYTHONPATH=/home/dredre/DevStuff/scrollDiary/speechToText/ros2Workspace/install/speech_to_text_interfaces/lib/python3.12/site-packages:${PYTHONPATH} /usr/local/bin/cmake --build /home/dredre/DevStuff/scrollDiary/speechToText/ros2Workspace/build/speech_to_text_pkg -- -j4 -l4
