[ 50%] [32mBuilding CXX object CMakeFiles/printing_node.dir/src/printingNode.cpp.o[0m
[01m[K/home/dredre/DevStuff/scrollDiary/speechToText/ros2Workspace/src/printer_pkg/src/printingNode.cpp:[m[K In member function ‘[01m[Kbool printingNode::[01;32m[KinitPrinter[m[K()[m[K’:
[01m[K/home/dredre/DevStuff/scrollDiary/speechToText/ros2Workspace/src/printer_pkg/src/printingNode.cpp:31:16:[m[K [01;31m[Kerror: [m[Kcannot convert ‘[01m[Kstd::string[m[K’ {aka ‘[01m[Kstd::__cxx11::basic_string<char>[m[K’} to ‘[01m[Kconst char*[m[K’
   31 |     fd_ = open([01;31m[KprinterDevice_[m[K, O_WRONLY);
      |                [01;31m[K^~~~~~~~~~~~~~[m[K
      |                [01;31m[K|[m[K
      |                [01;31m[Kstd::string {aka std::__cxx11::basic_string<char>}[m[K
In file included from [01m[K/home/dredre/DevStuff/scrollDiary/speechToText/ros2Workspace/src/printer_pkg/include/printer_pkg/printingNode.hpp:4[m[K,
                 from [01m[K/home/dredre/DevStuff/scrollDiary/speechToText/ros2Workspace/src/printer_pkg/src/printingNode.cpp:1[m[K:
[01m[K/usr/include/fcntl.h:209:30:[m[K [01;36m[Knote: [m[K  initializing argument 1 of ‘[01m[Kint[01;32m[K open[m[K(const char*, int, ...)[m[K’
  209 | extern int open ([01;36m[Kconst char *__file[m[K, int __oflag, ...) __nonnull ((1));
      |                  [01;36m[K~~~~~~~~~~~~^~~~~~[m[K
[01m[K/home/dredre/DevStuff/scrollDiary/speechToText/ros2Workspace/src/printer_pkg/src/printingNode.cpp:[m[K In member function ‘[01m[Kvoid printingNode::[01;32m[KtranscriptionCallback[m[K(std_msgs::msg::String_<std::allocator<void> >::SharedPtr)[m[K’:
[01m[K/home/dredre/DevStuff/scrollDiary/speechToText/ros2Workspace/src/printer_pkg/src/printingNode.cpp:40:5:[m[K [01;31m[Kerror: [m[K‘[01m[KfullTranscription[m[K’ was not declared in this scope; did you mean ‘[01m[KfullTranscription_[m[K’?
   40 |     [01;31m[KfullTranscription[m[K += msg->data;
      |     [01;31m[K^~~~~~~~~~~~~~~~~[m[K
      |     [32m[KfullTranscription_[m[K
[01m[K/home/dredre/DevStuff/scrollDiary/speechToText/ros2Workspace/src/printer_pkg/src/printingNode.cpp:[m[K In member function ‘[01m[Kvoid printingNode::[01;32m[KprintTranscription[m[K()[m[K’:
[01m[K/home/dredre/DevStuff/scrollDiary/speechToText/ros2Workspace/src/printer_pkg/src/printingNode.cpp:59:52:[m[K [01;31m[Kerror: [m[K‘[01m[KfullTranscription[m[K’ was not declared in this scope; did you mean ‘[01m[KfullTranscription_[m[K’?
   59 |             write(fd_, fullTranscription_.c_str(), [01;31m[KfullTranscription[m[K.size());
      |                                                    [01;31m[K^~~~~~~~~~~~~~~~~[m[K
      |                                                    [32m[KfullTranscription_[m[K
gmake[2]: *** [CMakeFiles/printing_node.dir/build.make:79: CMakeFiles/printing_node.dir/src/printingNode.cpp.o] Error 1
gmake[1]: *** [CMakeFiles/Makefile2:153: CMakeFiles/printing_node.dir/all] Error 2
gmake: *** [Makefile:146: all] Error 2
