[0.028s] Invoking command in '/home/dredre/DevStuff/scrollDiary/speechToText/ros2Workspace/build/speech_to_text_pkg': CMAKE_PREFIX_PATH=${CMAKE_PREFIX_PATH}:/opt/ros/jazzy DEBUGINFOD_URLS=https://debuginfod.ubuntu.com /usr/local/bin/cmake --build /home/dredre/DevStuff/scrollDiary/speechToText/ros2Workspace/build/speech_to_text_pkg -- -j4 -l4
[0.102s] [ 50%] [32mBuilding CXX object CMakeFiles/minimal_cpp_node.dir/src/minimalNode1.cpp.o[0m
[4.190s] [01m[K/home/dredre/DevStuff/scrollDiary/speechToText/ros2Workspace/src/speech_to_text_pkg/src/minimalNode1.cpp:[m[K In function ‘[01m[Kint[01;32m[K main[m[K(int, char**)[m[K’:
[4.190s] [01m[K/home/dredre/DevStuff/scrollDiary/speechToText/ros2Workspace/src/speech_to_text_pkg/src/minimalNode1.cpp:10:18:[m[K [01;31m[Kerror: [m[K‘[01m[KincludeClass::[01;32m[KincludeClass[m[K()[m[K’ is private within this context
[4.190s]    10 |     includeClass [01;31m[KincludeClassInstance[m[K;
[4.190s]       |                  [01;31m[K^~~~~~~~~~~~~~~~~~~~[m[K
[4.191s] In file included from [01m[K/home/dredre/DevStuff/scrollDiary/speechToText/ros2Workspace/src/speech_to_text_pkg/src/minimalNode1.cpp:2[m[K:
[4.191s] [01m[K/home/dredre/DevStuff/scrollDiary/speechToText/ros2Workspace/src/speech_to_text_pkg/include/minimalNodeInclude.hpp:7:5:[m[K [01;36m[Knote: [m[Kdeclared private here
[4.191s]     7 |     [01;36m[KincludeClass[m[K() {
[4.191s]       |     [01;36m[K^~~~~~~~~~~~[m[K
[4.200s] [01m[K/home/dredre/DevStuff/scrollDiary/speechToText/ros2Workspace/src/speech_to_text_pkg/src/minimalNode1.cpp:11:5:[m[K [01;31m[Kerror: [m[K‘[01m[KincludeClassInstancee[m[K’ was not declared in this scope; did you mean ‘[01m[KincludeClassInstance[m[K’?
[4.201s]    11 |     [01;31m[KincludeClassInstancee[m[K.count = 2;
[4.201s]       |     [01;31m[K^~~~~~~~~~~~~~~~~~~~~[m[K
[4.201s]       |     [32m[KincludeClassInstance[m[K
[4.201s] [01m[K/home/dredre/DevStuff/scrollDiary/speechToText/ros2Workspace/src/speech_to_text_pkg/src/minimalNode1.cpp:12:26:[m[K [01;31m[Kerror: [m[K‘[01m[Kstd::string includeClass::name[m[K’ is private within this context
[4.201s]    12 |     includeClassInstance.[01;31m[Kname[m[K = "includeClassName";
[4.201s]       |                          [01;31m[K^~~~[m[K
[4.201s] [01m[K/home/dredre/DevStuff/scrollDiary/speechToText/ros2Workspace/src/speech_to_text_pkg/include/minimalNodeInclude.hpp:5:17:[m[K [01;36m[Knote: [m[Kdeclared private here
[4.201s]     5 |     std::string [01;36m[Kname[m[K;
[4.201s]       |                 [01;36m[K^~~~[m[K
[4.201s] [01m[K/home/dredre/DevStuff/scrollDiary/speechToText/ros2Workspace/src/speech_to_text_pkg/src/minimalNode1.cpp:13:65:[m[K [01;31m[Kerror: [m[K‘[01m[Kint includeClass::count[m[K’ is private within this context
[4.201s]    13 | std::cout << "includeClassInstance" << includeClassInstance.[01;31m[Kcount[m[K <<  " " << includeClassInstance.name << "\n";
[4.202s]       |                                                             [01;31m[K^~~~~[m[K
[4.202s] 
[4.202s] [01m[K/home/dredre/DevStuff/scrollDiary/speechToText/ros2Workspace/src/speech_to_text_pkg/include/minimalNodeInclude.hpp:4:9:[m[K [01;36m[Knote: [m[Kdeclared private here
[4.202s]     4 |     int [01;36m[Kcount[m[K;
[4.202s]       |         [01;36m[K^~~~~[m[K
[4.202s] [01m[K/home/dredre/DevStuff/scrollDiary/speechToText/ros2Workspace/src/speech_to_text_pkg/src/minimalNode1.cpp:13:103:[m[K [01;31m[Kerror: [m[K‘[01m[Kstd::string includeClass::name[m[K’ is private within this context
[4.202s]    13 |  includeClassInstance.count <<  " " << includeClassInstance.[01;31m[Kname[m[K << "\n";
[4.202s]       |                                                             [01;31m[K^~~~[m[K
[4.202s] 
[4.202s] [01m[K/home/dredre/DevStuff/scrollDiary/speechToText/ros2Workspace/src/speech_to_text_pkg/include/minimalNodeInclude.hpp:5:17:[m[K [01;36m[Knote: [m[Kdeclared private here
[4.202s]     5 |     std::string [01;36m[Kname[m[K;
[4.203s]       |                 [01;36m[K^~~~[m[K
[5.315s] gmake[2]: *** [CMakeFiles/minimal_cpp_node.dir/build.make:79: CMakeFiles/minimal_cpp_node.dir/src/minimalNode1.cpp.o] Error 1
[5.315s] gmake[1]: *** [CMakeFiles/Makefile2:153: CMakeFiles/minimal_cpp_node.dir/all] Error 2
[5.316s] gmake: *** [Makefile:146: all] Error 2
[5.319s] Invoked command in '/home/dredre/DevStuff/scrollDiary/speechToText/ros2Workspace/build/speech_to_text_pkg' returned '2': CMAKE_PREFIX_PATH=${CMAKE_PREFIX_PATH}:/opt/ros/jazzy DEBUGINFOD_URLS=https://debuginfod.ubuntu.com /usr/local/bin/cmake --build /home/dredre/DevStuff/scrollDiary/speechToText/ros2Workspace/build/speech_to_text_pkg -- -j4 -l4
