[0.039s] Invoking command in '/home/dredre/DevStuff/scrollDiary/speechToText/build/speech_to_text_interfaces': CMAKE_PREFIX_PATH=${CMAKE_PREFIX_PATH}:/opt/ros/jazzy DEBUGINFOD_URLS=https://debuginfod.ubuntu.com /usr/local/bin/cmake --build /home/dredre/DevStuff/scrollDiary/speechToText/build/speech_to_text_interfaces -- -j4 -l4
[0.103s] [  2%] Built target speech_to_text_interfaces__rosidl_generator_type_description
[0.141s] [ 17%] Built target speech_to_text_interfaces__rosidl_generator_c
[0.146s] [ 17%] Built target ament_cmake_python_copy_speech_to_text_interfaces
[0.162s] [ 20%] Built target speech_to_text_interfaces__cpp
[0.181s] [ 29%] Built target speech_to_text_interfaces__rosidl_typesupport_c
[0.183s] [ 38%] Built target speech_to_text_interfaces__rosidl_typesupport_introspection_c
[0.185s] [ 47%] Built target speech_to_text_interfaces__rosidl_typesupport_fastrtps_c
[0.235s] [ 55%] Built target speech_to_text_interfaces__rosidl_typesupport_introspection_cpp
[0.244s] [ 64%] Built target speech_to_text_interfaces__rosidl_typesupport_cpp
[0.251s] [ 73%] Built target speech_to_text_interfaces__rosidl_typesupport_fastrtps_cpp
[0.276s] [ 73%] Built target speech_to_text_interfaces
[0.302s] [ 76%] Built target speech_to_text_interfaces__py
[0.345s] [ 82%] Built target speech_to_text_interfaces__rosidl_generator_py
[0.398s] [ 88%] Built target speech_to_text_interfaces_s__rosidl_typesupport_introspection_c
[0.398s] [ 94%] Built target speech_to_text_interfaces_s__rosidl_typesupport_fastrtps_c
[0.409s] [100%] Built target speech_to_text_interfaces_s__rosidl_typesupport_c
[0.735s] running egg_info
[0.769s] writing speech_to_text_interfaces.egg-info/PKG-INFO
[0.769s] writing dependency_links to speech_to_text_interfaces.egg-info/dependency_links.txt
[0.770s] writing top-level names to speech_to_text_interfaces.egg-info/top_level.txt
[0.866s] reading manifest file 'speech_to_text_interfaces.egg-info/SOURCES.txt'
[0.867s] writing manifest file 'speech_to_text_interfaces.egg-info/SOURCES.txt'
[0.948s] [100%] Built target ament_cmake_python_build_speech_to_text_interfaces_egg
[0.958s] Invoked command in '/home/dredre/DevStuff/scrollDiary/speechToText/build/speech_to_text_interfaces' returned '0': CMAKE_PREFIX_PATH=${CMAKE_PREFIX_PATH}:/opt/ros/jazzy DEBUGINFOD_URLS=https://debuginfod.ubuntu.com /usr/local/bin/cmake --build /home/dredre/DevStuff/scrollDiary/speechToText/build/speech_to_text_interfaces -- -j4 -l4
[0.961s] Invoking command in '/home/dredre/DevStuff/scrollDiary/speechToText/build/speech_to_text_interfaces': CMAKE_PREFIX_PATH=${CMAKE_PREFIX_PATH}:/opt/ros/jazzy DEBUGINFOD_URLS=https://debuginfod.ubuntu.com /usr/local/bin/cmake --install /home/dredre/DevStuff/scrollDiary/speechToText/build/speech_to_text_interfaces
[0.969s] -- Install configuration: ""
[0.970s] -- Up-to-date: /home/dredre/DevStuff/scrollDiary/speechToText/install/speech_to_text_interfaces/share/ament_index/resource_index/rosidl_interfaces/speech_to_text_interfaces
[0.970s] -- Up-to-date: /home/dredre/DevStuff/scrollDiary/speechToText/install/speech_to_text_interfaces/share/speech_to_text_interfaces/msg/AudioStamped.json
[0.970s] -- Up-to-date: /home/dredre/DevStuff/scrollDiary/speechToText/install/speech_to_text_interfaces/include/speech_to_text_interfaces/speech_to_text_interfaces
[0.970s] -- Up-to-date: /home/dredre/DevStuff/scrollDiary/speechToText/install/speech_to_text_interfaces/include/speech_to_text_interfaces/speech_to_text_interfaces/msg
[0.970s] -- Up-to-date: /home/dredre/DevStuff/scrollDiary/speechToText/install/speech_to_text_interfaces/include/speech_to_text_interfaces/speech_to_text_interfaces/msg/audio_stamped.h
[0.970s] -- Up-to-date: /home/dredre/DevStuff/scrollDiary/speechToText/install/speech_to_text_interfaces/include/speech_to_text_interfaces/speech_to_text_interfaces/msg/rosidl_generator_c__visibility_control.h
[0.970s] -- Up-to-date: /home/dredre/DevStuff/scrollDiary/speechToText/install/speech_to_text_interfaces/include/speech_to_text_interfaces/speech_to_text_interfaces/msg/detail
[0.970s] -- Up-to-date: /home/dredre/DevStuff/scrollDiary/speechToText/install/speech_to_text_interfaces/include/speech_to_text_interfaces/speech_to_text_interfaces/msg/detail/audio_stamped__struct.h
[0.971s] -- Up-to-date: /home/dredre/DevStuff/scrollDiary/speechToText/install/speech_to_text_interfaces/include/speech_to_text_interfaces/speech_to_text_interfaces/msg/detail/audio_stamped__description.c
[0.971s] -- Up-to-date: /home/dredre/DevStuff/scrollDiary/speechToText/install/speech_to_text_interfaces/include/speech_to_text_interfaces/speech_to_text_interfaces/msg/detail/audio_stamped__functions.c
[0.971s] -- Up-to-date: /home/dredre/DevStuff/scrollDiary/speechToText/install/speech_to_text_interfaces/include/speech_to_text_interfaces/speech_to_text_interfaces/msg/detail/audio_stamped__functions.h
[0.971s] -- Installing: /home/dredre/DevStuff/scrollDiary/speechToText/install/speech_to_text_interfaces/include/speech_to_text_interfaces/speech_to_text_interfaces/msg/detail/audio_stamped__type_support.c
[0.971s] -- Up-to-date: /home/dredre/DevStuff/scrollDiary/speechToText/install/speech_to_text_interfaces/include/speech_to_text_interfaces/speech_to_text_interfaces/msg/detail/audio_stamped__type_support.h
[0.971s] -- Up-to-date: /home/dredre/DevStuff/scrollDiary/speechToText/install/speech_to_text_interfaces/share/speech_to_text_interfaces/environment/library_path.sh
[0.971s] -- Up-to-date: /home/dredre/DevStuff/scrollDiary/speechToText/install/speech_to_text_interfaces/share/speech_to_text_interfaces/environment/library_path.dsv
[0.971s] -- Up-to-date: /home/dredre/DevStuff/scrollDiary/speechToText/install/speech_to_text_interfaces/lib/libspeech_to_text_interfaces__rosidl_generator_c.so
[0.972s] -- Up-to-date: /home/dredre/DevStuff/scrollDiary/speechToText/install/speech_to_text_interfaces/include/speech_to_text_interfaces/speech_to_text_interfaces
[0.972s] -- Up-to-date: /home/dredre/DevStuff/scrollDiary/speechToText/install/speech_to_text_interfaces/include/speech_to_text_interfaces/speech_to_text_interfaces/msg
[0.972s] -- Up-to-date: /home/dredre/DevStuff/scrollDiary/speechToText/install/speech_to_text_interfaces/include/speech_to_text_interfaces/speech_to_text_interfaces/msg/rosidl_typesupport_fastrtps_c__visibility_control.h
[0.972s] -- Up-to-date: /home/dredre/DevStuff/scrollDiary/speechToText/install/speech_to_text_interfaces/include/speech_to_text_interfaces/speech_to_text_interfaces/msg/detail
[0.972s] -- Up-to-date: /home/dredre/DevStuff/scrollDiary/speechToText/install/speech_to_text_interfaces/include/speech_to_text_interfaces/speech_to_text_interfaces/msg/detail/audio_stamped__rosidl_typesupport_fastrtps_c.h
[0.972s] -- Up-to-date: /home/dredre/DevStuff/scrollDiary/speechToText/install/speech_to_text_interfaces/lib/libspeech_to_text_interfaces__rosidl_typesupport_fastrtps_c.so
[0.972s] -- Up-to-date: /home/dredre/DevStuff/scrollDiary/speechToText/install/speech_to_text_interfaces/include/speech_to_text_interfaces/speech_to_text_interfaces
[0.972s] -- Up-to-date: /home/dredre/DevStuff/scrollDiary/speechToText/install/speech_to_text_interfaces/include/speech_to_text_interfaces/speech_to_text_interfaces/msg
[0.972s] -- Up-to-date: /home/dredre/DevStuff/scrollDiary/speechToText/install/speech_to_text_interfaces/include/speech_to_text_interfaces/speech_to_text_interfaces/msg/rosidl_typesupport_introspection_c__visibility_control.h
[0.973s] -- Up-to-date: /home/dredre/DevStuff/scrollDiary/speechToText/install/speech_to_text_interfaces/include/speech_to_text_interfaces/speech_to_text_interfaces/msg/detail
[0.973s] -- Up-to-date: /home/dredre/DevStuff/scrollDiary/speechToText/install/speech_to_text_interfaces/include/speech_to_text_interfaces/speech_to_text_interfaces/msg/detail/audio_stamped__rosidl_typesupport_introspection_c.h
[0.973s] -- Installing: /home/dredre/DevStuff/scrollDiary/speechToText/install/speech_to_text_interfaces/include/speech_to_text_interfaces/speech_to_text_interfaces/msg/detail/audio_stamped__type_support.c
[0.973s] -- Up-to-date: /home/dredre/DevStuff/scrollDiary/speechToText/install/speech_to_text_interfaces/lib/libspeech_to_text_interfaces__rosidl_typesupport_introspection_c.so
[0.973s] -- Up-to-date: /home/dredre/DevStuff/scrollDiary/speechToText/install/speech_to_text_interfaces/lib/libspeech_to_text_interfaces__rosidl_typesupport_c.so
[0.973s] -- Up-to-date: /home/dredre/DevStuff/scrollDiary/speechToText/install/speech_to_text_interfaces/include/speech_to_text_interfaces/speech_to_text_interfaces
[0.973s] -- Up-to-date: /home/dredre/DevStuff/scrollDiary/speechToText/install/speech_to_text_interfaces/include/speech_to_text_interfaces/speech_to_text_interfaces/msg
[0.973s] -- Up-to-date: /home/dredre/DevStuff/scrollDiary/speechToText/install/speech_to_text_interfaces/include/speech_to_text_interfaces/speech_to_text_interfaces/msg/rosidl_generator_cpp__visibility_control.hpp
[0.973s] -- Up-to-date: /home/dredre/DevStuff/scrollDiary/speechToText/install/speech_to_text_interfaces/include/speech_to_text_interfaces/speech_to_text_interfaces/msg/audio_stamped.hpp
[0.974s] -- Up-to-date: /home/dredre/DevStuff/scrollDiary/speechToText/install/speech_to_text_interfaces/include/speech_to_text_interfaces/speech_to_text_interfaces/msg/detail
[0.974s] -- Up-to-date: /home/dredre/DevStuff/scrollDiary/speechToText/install/speech_to_text_interfaces/include/speech_to_text_interfaces/speech_to_text_interfaces/msg/detail/audio_stamped__builder.hpp
[0.974s] -- Up-to-date: /home/dredre/DevStuff/scrollDiary/speechToText/install/speech_to_text_interfaces/include/speech_to_text_interfaces/speech_to_text_interfaces/msg/detail/audio_stamped__struct.hpp
[0.974s] -- Up-to-date: /home/dredre/DevStuff/scrollDiary/speechToText/install/speech_to_text_interfaces/include/speech_to_text_interfaces/speech_to_text_interfaces/msg/detail/audio_stamped__traits.hpp
[0.974s] -- Up-to-date: /home/dredre/DevStuff/scrollDiary/speechToText/install/speech_to_text_interfaces/include/speech_to_text_interfaces/speech_to_text_interfaces/msg/detail/audio_stamped__type_support.hpp
[0.974s] -- Up-to-date: /home/dredre/DevStuff/scrollDiary/speechToText/install/speech_to_text_interfaces/include/speech_to_text_interfaces/speech_to_text_interfaces
[0.974s] -- Up-to-date: /home/dredre/DevStuff/scrollDiary/speechToText/install/speech_to_text_interfaces/include/speech_to_text_interfaces/speech_to_text_interfaces/msg
[0.975s] -- Up-to-date: /home/dredre/DevStuff/scrollDiary/speechToText/install/speech_to_text_interfaces/include/speech_to_text_interfaces/speech_to_text_interfaces/msg/rosidl_typesupport_fastrtps_cpp__visibility_control.h
[0.975s] -- Up-to-date: /home/dredre/DevStuff/scrollDiary/speechToText/install/speech_to_text_interfaces/include/speech_to_text_interfaces/speech_to_text_interfaces/msg/detail
[0.975s] -- Up-to-date: /home/dredre/DevStuff/scrollDiary/speechToText/install/speech_to_text_interfaces/include/speech_to_text_interfaces/speech_to_text_interfaces/msg/detail/audio_stamped__rosidl_typesupport_fastrtps_cpp.hpp
[0.975s] -- Up-to-date: /home/dredre/DevStuff/scrollDiary/speechToText/install/speech_to_text_interfaces/include/speech_to_text_interfaces/speech_to_text_interfaces/msg/detail/dds_fastrtps
[0.975s] -- Up-to-date: /home/dredre/DevStuff/scrollDiary/speechToText/install/speech_to_text_interfaces/lib/libspeech_to_text_interfaces__rosidl_typesupport_fastrtps_cpp.so
[0.975s] -- Up-to-date: /home/dredre/DevStuff/scrollDiary/speechToText/install/speech_to_text_interfaces/include/speech_to_text_interfaces/speech_to_text_interfaces
[0.975s] -- Up-to-date: /home/dredre/DevStuff/scrollDiary/speechToText/install/speech_to_text_interfaces/include/speech_to_text_interfaces/speech_to_text_interfaces/msg
[0.976s] -- Up-to-date: /home/dredre/DevStuff/scrollDiary/speechToText/install/speech_to_text_interfaces/include/speech_to_text_interfaces/speech_to_text_interfaces/msg/detail
[0.976s] -- Up-to-date: /home/dredre/DevStuff/scrollDiary/speechToText/install/speech_to_text_interfaces/include/speech_to_text_interfaces/speech_to_text_interfaces/msg/detail/audio_stamped__rosidl_typesupport_introspection_cpp.hpp
[0.976s] -- Up-to-date: /home/dredre/DevStuff/scrollDiary/speechToText/install/speech_to_text_interfaces/include/speech_to_text_interfaces/speech_to_text_interfaces/msg/detail/audio_stamped__type_support.cpp
[0.976s] -- Up-to-date: /home/dredre/DevStuff/scrollDiary/speechToText/install/speech_to_text_interfaces/lib/libspeech_to_text_interfaces__rosidl_typesupport_introspection_cpp.so
[0.977s] -- Up-to-date: /home/dredre/DevStuff/scrollDiary/speechToText/install/speech_to_text_interfaces/lib/libspeech_to_text_interfaces__rosidl_typesupport_cpp.so
[0.977s] -- Up-to-date: /home/dredre/DevStuff/scrollDiary/speechToText/install/speech_to_text_interfaces/share/speech_to_text_interfaces/environment/pythonpath.sh
[0.977s] -- Up-to-date: /home/dredre/DevStuff/scrollDiary/speechToText/install/speech_to_text_interfaces/share/speech_to_text_interfaces/environment/pythonpath.dsv
[0.977s] -- Up-to-date: /home/dredre/DevStuff/scrollDiary/speechToText/install/speech_to_text_interfaces/lib/python3.12/site-packages/speech_to_text_interfaces-0.0.0-py3.12.egg-info
[0.977s] -- Installing: /home/dredre/DevStuff/scrollDiary/speechToText/install/speech_to_text_interfaces/lib/python3.12/site-packages/speech_to_text_interfaces-0.0.0-py3.12.egg-info/dependency_links.txt
[0.977s] -- Installing: /home/dredre/DevStuff/scrollDiary/speechToText/install/speech_to_text_interfaces/lib/python3.12/site-packages/speech_to_text_interfaces-0.0.0-py3.12.egg-info/top_level.txt
[0.977s] -- Installing: /home/dredre/DevStuff/scrollDiary/speechToText/install/speech_to_text_interfaces/lib/python3.12/site-packages/speech_to_text_interfaces-0.0.0-py3.12.egg-info/SOURCES.txt
[0.977s] -- Installing: /home/dredre/DevStuff/scrollDiary/speechToText/install/speech_to_text_interfaces/lib/python3.12/site-packages/speech_to_text_interfaces-0.0.0-py3.12.egg-info/PKG-INFO
[0.978s] -- Up-to-date: /home/dredre/DevStuff/scrollDiary/speechToText/install/speech_to_text_interfaces/lib/python3.12/site-packages/speech_to_text_interfaces
[0.978s] -- Up-to-date: /home/dredre/DevStuff/scrollDiary/speechToText/install/speech_to_text_interfaces/lib/python3.12/site-packages/speech_to_text_interfaces/_speech_to_text_interfaces_s.ep.rosidl_typesupport_fastrtps_c.c
[0.978s] -- Up-to-date: /home/dredre/DevStuff/scrollDiary/speechToText/install/speech_to_text_interfaces/lib/python3.12/site-packages/speech_to_text_interfaces/_speech_to_text_interfaces_s.ep.rosidl_typesupport_introspection_c.c
[0.978s] -- Up-to-date: /home/dredre/DevStuff/scrollDiary/speechToText/install/speech_to_text_interfaces/lib/python3.12/site-packages/speech_to_text_interfaces/speech_to_text_interfaces_s__rosidl_typesupport_c.so
[0.978s] -- Up-to-date: /home/dredre/DevStuff/scrollDiary/speechToText/install/speech_to_text_interfaces/lib/python3.12/site-packages/speech_to_text_interfaces/msg
[0.978s] -- Up-to-date: /home/dredre/DevStuff/scrollDiary/speechToText/install/speech_to_text_interfaces/lib/python3.12/site-packages/speech_to_text_interfaces/msg/_audio_stamped_s.c
[0.978s] -- Up-to-date: /home/dredre/DevStuff/scrollDiary/speechToText/install/speech_to_text_interfaces/lib/python3.12/site-packages/speech_to_text_interfaces/msg/__init__.py
[0.979s] -- Up-to-date: /home/dredre/DevStuff/scrollDiary/speechToText/install/speech_to_text_interfaces/lib/python3.12/site-packages/speech_to_text_interfaces/msg/_audio_stamped.py
[0.979s] -- Up-to-date: /home/dredre/DevStuff/scrollDiary/speechToText/install/speech_to_text_interfaces/lib/python3.12/site-packages/speech_to_text_interfaces/__init__.py
[0.979s] -- Up-to-date: /home/dredre/DevStuff/scrollDiary/speechToText/install/speech_to_text_interfaces/lib/python3.12/site-packages/speech_to_text_interfaces/speech_to_text_interfaces_s__rosidl_typesupport_introspection_c.so
[0.979s] -- Up-to-date: /home/dredre/DevStuff/scrollDiary/speechToText/install/speech_to_text_interfaces/lib/python3.12/site-packages/speech_to_text_interfaces/speech_to_text_interfaces_s__rosidl_typesupport_fastrtps_c.so
[0.979s] -- Up-to-date: /home/dredre/DevStuff/scrollDiary/speechToText/install/speech_to_text_interfaces/lib/python3.12/site-packages/speech_to_text_interfaces/_speech_to_text_interfaces_s.ep.rosidl_typesupport_c.c
[1.040s] Listing '/home/dredre/DevStuff/scrollDiary/speechToText/install/speech_to_text_interfaces/lib/python3.12/site-packages/speech_to_text_interfaces'...
[1.040s] Listing '/home/dredre/DevStuff/scrollDiary/speechToText/install/speech_to_text_interfaces/lib/python3.12/site-packages/speech_to_text_interfaces/msg'...
[1.053s] -- Up-to-date: /home/dredre/DevStuff/scrollDiary/speechToText/install/speech_to_text_interfaces/lib/python3.12/site-packages/speech_to_text_interfaces/speech_to_text_interfaces_s__rosidl_typesupport_fastrtps_c.so
[1.053s] -- Up-to-date: /home/dredre/DevStuff/scrollDiary/speechToText/install/speech_to_text_interfaces/lib/python3.12/site-packages/speech_to_text_interfaces/speech_to_text_interfaces_s__rosidl_typesupport_introspection_c.so
[1.054s] -- Up-to-date: /home/dredre/DevStuff/scrollDiary/speechToText/install/speech_to_text_interfaces/lib/python3.12/site-packages/speech_to_text_interfaces/speech_to_text_interfaces_s__rosidl_typesupport_c.so
[1.054s] -- Up-to-date: /home/dredre/DevStuff/scrollDiary/speechToText/install/speech_to_text_interfaces/lib/libspeech_to_text_interfaces__rosidl_generator_py.so
[1.054s] -- Up-to-date: /home/dredre/DevStuff/scrollDiary/speechToText/install/speech_to_text_interfaces/share/speech_to_text_interfaces/msg/AudioStamped.idl
[1.054s] -- Up-to-date: /home/dredre/DevStuff/scrollDiary/speechToText/install/speech_to_text_interfaces/share/speech_to_text_interfaces/msg/AudioStamped.msg
[1.055s] -- Up-to-date: /home/dredre/DevStuff/scrollDiary/speechToText/install/speech_to_text_interfaces/share/ament_index/resource_index/package_run_dependencies/speech_to_text_interfaces
[1.055s] -- Up-to-date: /home/dredre/DevStuff/scrollDiary/speechToText/install/speech_to_text_interfaces/share/ament_index/resource_index/parent_prefix_path/speech_to_text_interfaces
[1.055s] -- Up-to-date: /home/dredre/DevStuff/scrollDiary/speechToText/install/speech_to_text_interfaces/share/speech_to_text_interfaces/environment/ament_prefix_path.sh
[1.055s] -- Up-to-date: /home/dredre/DevStuff/scrollDiary/speechToText/install/speech_to_text_interfaces/share/speech_to_text_interfaces/environment/ament_prefix_path.dsv
[1.056s] -- Up-to-date: /home/dredre/DevStuff/scrollDiary/speechToText/install/speech_to_text_interfaces/share/speech_to_text_interfaces/environment/path.sh
[1.056s] -- Up-to-date: /home/dredre/DevStuff/scrollDiary/speechToText/install/speech_to_text_interfaces/share/speech_to_text_interfaces/environment/path.dsv
[1.056s] -- Up-to-date: /home/dredre/DevStuff/scrollDiary/speechToText/install/speech_to_text_interfaces/share/speech_to_text_interfaces/local_setup.bash
[1.056s] -- Up-to-date: /home/dredre/DevStuff/scrollDiary/speechToText/install/speech_to_text_interfaces/share/speech_to_text_interfaces/local_setup.sh
[1.056s] -- Up-to-date: /home/dredre/DevStuff/scrollDiary/speechToText/install/speech_to_text_interfaces/share/speech_to_text_interfaces/local_setup.zsh
[1.056s] -- Up-to-date: /home/dredre/DevStuff/scrollDiary/speechToText/install/speech_to_text_interfaces/share/speech_to_text_interfaces/local_setup.dsv
[1.056s] -- Installing: /home/dredre/DevStuff/scrollDiary/speechToText/install/speech_to_text_interfaces/share/speech_to_text_interfaces/package.dsv
[1.056s] -- Up-to-date: /home/dredre/DevStuff/scrollDiary/speechToText/install/speech_to_text_interfaces/share/ament_index/resource_index/packages/speech_to_text_interfaces
[1.056s] -- Up-to-date: /home/dredre/DevStuff/scrollDiary/speechToText/install/speech_to_text_interfaces/share/speech_to_text_interfaces/cmake/export_speech_to_text_interfaces__rosidl_generator_cExport.cmake
[1.057s] -- Up-to-date: /home/dredre/DevStuff/scrollDiary/speechToText/install/speech_to_text_interfaces/share/speech_to_text_interfaces/cmake/export_speech_to_text_interfaces__rosidl_generator_cExport-noconfig.cmake
[1.057s] -- Up-to-date: /home/dredre/DevStuff/scrollDiary/speechToText/install/speech_to_text_interfaces/share/speech_to_text_interfaces/cmake/export_speech_to_text_interfaces__rosidl_typesupport_fastrtps_cExport.cmake
[1.057s] -- Up-to-date: /home/dredre/DevStuff/scrollDiary/speechToText/install/speech_to_text_interfaces/share/speech_to_text_interfaces/cmake/export_speech_to_text_interfaces__rosidl_typesupport_fastrtps_cExport-noconfig.cmake
[1.057s] -- Up-to-date: /home/dredre/DevStuff/scrollDiary/speechToText/install/speech_to_text_interfaces/share/speech_to_text_interfaces/cmake/speech_to_text_interfaces__rosidl_typesupport_introspection_cExport.cmake
[1.057s] -- Up-to-date: /home/dredre/DevStuff/scrollDiary/speechToText/install/speech_to_text_interfaces/share/speech_to_text_interfaces/cmake/speech_to_text_interfaces__rosidl_typesupport_introspection_cExport-noconfig.cmake
[1.057s] -- Up-to-date: /home/dredre/DevStuff/scrollDiary/speechToText/install/speech_to_text_interfaces/share/speech_to_text_interfaces/cmake/speech_to_text_interfaces__rosidl_typesupport_cExport.cmake
[1.057s] -- Up-to-date: /home/dredre/DevStuff/scrollDiary/speechToText/install/speech_to_text_interfaces/share/speech_to_text_interfaces/cmake/speech_to_text_interfaces__rosidl_typesupport_cExport-noconfig.cmake
[1.057s] -- Up-to-date: /home/dredre/DevStuff/scrollDiary/speechToText/install/speech_to_text_interfaces/share/speech_to_text_interfaces/cmake/export_speech_to_text_interfaces__rosidl_generator_cppExport.cmake
[1.057s] -- Up-to-date: /home/dredre/DevStuff/scrollDiary/speechToText/install/speech_to_text_interfaces/share/speech_to_text_interfaces/cmake/export_speech_to_text_interfaces__rosidl_typesupport_fastrtps_cppExport.cmake
[1.058s] -- Up-to-date: /home/dredre/DevStuff/scrollDiary/speechToText/install/speech_to_text_interfaces/share/speech_to_text_interfaces/cmake/export_speech_to_text_interfaces__rosidl_typesupport_fastrtps_cppExport-noconfig.cmake
[1.058s] -- Up-to-date: /home/dredre/DevStuff/scrollDiary/speechToText/install/speech_to_text_interfaces/share/speech_to_text_interfaces/cmake/speech_to_text_interfaces__rosidl_typesupport_introspection_cppExport.cmake
[1.058s] -- Up-to-date: /home/dredre/DevStuff/scrollDiary/speechToText/install/speech_to_text_interfaces/share/speech_to_text_interfaces/cmake/speech_to_text_interfaces__rosidl_typesupport_introspection_cppExport-noconfig.cmake
[1.058s] -- Up-to-date: /home/dredre/DevStuff/scrollDiary/speechToText/install/speech_to_text_interfaces/share/speech_to_text_interfaces/cmake/speech_to_text_interfaces__rosidl_typesupport_cppExport.cmake
[1.058s] -- Up-to-date: /home/dredre/DevStuff/scrollDiary/speechToText/install/speech_to_text_interfaces/share/speech_to_text_interfaces/cmake/speech_to_text_interfaces__rosidl_typesupport_cppExport-noconfig.cmake
[1.058s] -- Up-to-date: /home/dredre/DevStuff/scrollDiary/speechToText/install/speech_to_text_interfaces/share/speech_to_text_interfaces/cmake/export_speech_to_text_interfaces__rosidl_generator_pyExport.cmake
[1.058s] -- Up-to-date: /home/dredre/DevStuff/scrollDiary/speechToText/install/speech_to_text_interfaces/share/speech_to_text_interfaces/cmake/export_speech_to_text_interfaces__rosidl_generator_pyExport-noconfig.cmake
[1.059s] -- Up-to-date: /home/dredre/DevStuff/scrollDiary/speechToText/install/speech_to_text_interfaces/share/speech_to_text_interfaces/cmake/rosidl_cmake-extras.cmake
[1.059s] -- Up-to-date: /home/dredre/DevStuff/scrollDiary/speechToText/install/speech_to_text_interfaces/share/speech_to_text_interfaces/cmake/ament_cmake_export_include_directories-extras.cmake
[1.059s] -- Up-to-date: /home/dredre/DevStuff/scrollDiary/speechToText/install/speech_to_text_interfaces/share/speech_to_text_interfaces/cmake/ament_cmake_export_libraries-extras.cmake
[1.060s] -- Up-to-date: /home/dredre/DevStuff/scrollDiary/speechToText/install/speech_to_text_interfaces/share/speech_to_text_interfaces/cmake/ament_cmake_export_targets-extras.cmake
[1.060s] -- Up-to-date: /home/dredre/DevStuff/scrollDiary/speechToText/install/speech_to_text_interfaces/share/speech_to_text_interfaces/cmake/rosidl_cmake_export_typesupport_targets-extras.cmake
[1.060s] -- Up-to-date: /home/dredre/DevStuff/scrollDiary/speechToText/install/speech_to_text_interfaces/share/speech_to_text_interfaces/cmake/ament_cmake_export_dependencies-extras.cmake
[1.060s] -- Up-to-date: /home/dredre/DevStuff/scrollDiary/speechToText/install/speech_to_text_interfaces/share/speech_to_text_interfaces/cmake/rosidl_cmake_export_typesupport_libraries-extras.cmake
[1.061s] -- Up-to-date: /home/dredre/DevStuff/scrollDiary/speechToText/install/speech_to_text_interfaces/share/speech_to_text_interfaces/cmake/speech_to_text_interfacesConfig.cmake
[1.061s] -- Up-to-date: /home/dredre/DevStuff/scrollDiary/speechToText/install/speech_to_text_interfaces/share/speech_to_text_interfaces/cmake/speech_to_text_interfacesConfig-version.cmake
[1.063s] -- Up-to-date: /home/dredre/DevStuff/scrollDiary/speechToText/install/speech_to_text_interfaces/share/speech_to_text_interfaces/package.xml
[1.063s] Invoked command in '/home/dredre/DevStuff/scrollDiary/speechToText/build/speech_to_text_interfaces' returned '0': CMAKE_PREFIX_PATH=${CMAKE_PREFIX_PATH}:/opt/ros/jazzy DEBUGINFOD_URLS=https://debuginfod.ubuntu.com /usr/local/bin/cmake --install /home/dredre/DevStuff/scrollDiary/speechToText/build/speech_to_text_interfaces
