[0.027s] Invoking command in '/home/dredre/DevStuff/scrollDiary/speechToText/ros2Workspace/build/speech_to_text_pkg': AMENT_PREFIX_PATH=/home/dredre/DevStuff/scrollDiary/speechToText/ros2Workspace/install/speech_to_text_interfaces:${AMENT_PREFIX_PATH} CMAKE_PREFIX_PATH=/home/dredre/DevStuff/scrollDiary/speechToText/ros2Workspace/install/speech_to_text_interfaces:/opt/ros/jazzy/opt/sdformat_vendor:/opt/ros/jazzy/opt/gz_math_vendor:/opt/ros/jazzy/opt/gz_utils_vendor:/opt/ros/jazzy/opt/gz_tools_vendor:/opt/ros/jazzy/opt/gz_cmake_vendor:/opt/ros/jazzy DEBUGINFOD_URLS=https://debuginfod.ubuntu.com LD_LIBRARY_PATH=/home/dredre/DevStuff/scrollDiary/speechToText/ros2Workspace/install/speech_to_text_interfaces/lib:${LD_LIBRARY_PATH} PYTHONPATH=/home/dredre/DevStuff/scrollDiary/speechToText/ros2Workspace/install/speech_to_text_interfaces/lib/python3.12/site-packages:${PYTHONPATH} /usr/local/bin/cmake --build /home/dredre/DevStuff/scrollDiary/speechToText/ros2Workspace/build/speech_to_text_pkg -- -j4 -l4
[0.119s] [ 25%] Built target ggml-base
[0.120s] [ 31%] Built target transcription_pre_process_node
[0.126s] [ 40%] Built target audio_capture_node
[0.167s] [ 82%] Built target ggml-cpu
[0.229s] [ 88%] Built target ggml
[0.267s] [ 94%] Built target whisper
[0.333s] [ 97%] [32mBuilding CXX object CMakeFiles/whisper_transcription_node.dir/src/whisperTranscriptionNode.cpp.o[0m
[5.002s] [01m[K/home/dredre/DevStuff/scrollDiary/speechToText/ros2Workspace/src/speech_to_text_pkg/src/whisperTranscriptionNode.cpp:[m[K In member function ‘[01m[Kvoid whisperTranscriptionNode::[01;32m[KwhisperInit[m[K()[m[K’:
[5.002s] [01m[K/home/dredre/DevStuff/scrollDiary/speechToText/ros2Workspace/src/speech_to_text_pkg/src/whisperTranscriptionNode.cpp:39:46:[m[K [01;31m[Kerror: [m[Kcannot convert ‘[01m[Kwhisper_context_params[m[K’ to ‘[01m[Kwhisper_context_params*[m[K’ in assignment
[5.003s]    39 |     cparams_ = [01;31m[Kwhisper_context_default_params()[m[K;
[5.003s]       |                [01;31m[K~~~~~~~~~~~~~~~~~~~~~~~~~~~~~~^~[m[K
[5.003s]       |                                              [01;31m[K|[m[K
[5.003s]       |                                              [01;31m[Kwhisper_context_params[m[K
[5.021s] [01m[K/home/dredre/DevStuff/scrollDiary/speechToText/ros2Workspace/src/speech_to_text_pkg/src/whisperTranscriptionNode.cpp:40:47:[m[K [01;31m[Kerror: [m[K‘[01m[KmodelPath[m[K’ was not declared in this scope
[5.022s]    40 |     ctx_ = whisper_init_from_file_with_params([01;31m[KmodelPath[m[K.c_str(), cparams_);
[5.022s]       |                                               [01;31m[K^~~~~~~~~[m[K
[5.037s] [01m[K/home/dredre/DevStuff/scrollDiary/speechToText/ros2Workspace/src/speech_to_text_pkg/src/whisperTranscriptionNode.cpp:[m[K In member function ‘[01m[Kvoid whisperTranscriptionNode::[01;32m[KcleanUpNode[m[K()[m[K’:
[5.037s] [01m[K/home/dredre/DevStuff/scrollDiary/speechToText/ros2Workspace/src/speech_to_text_pkg/src/whisperTranscriptionNode.cpp:161:42:[m[K [01;31m[Kerror: [m[Kexpected ‘[01m[K;[m[K’ before ‘[01m[Kdo[m[K’
[5.038s]   161 |     whisper_free_context_params(cparams_)
[5.038s]       |                                          [01;31m[K^[m[K
[5.038s]       |                                          [32m[K;[m[K
[8.868s] gmake[2]: *** [CMakeFiles/whisper_transcription_node.dir/build.make:79: CMakeFiles/whisper_transcription_node.dir/src/whisperTranscriptionNode.cpp.o] Error 1
[8.868s] gmake[1]: *** [CMakeFiles/Makefile2:337: CMakeFiles/whisper_transcription_node.dir/all] Error 2
[8.869s] gmake: *** [Makefile:146: all] Error 2
[8.871s] Invoked command in '/home/dredre/DevStuff/scrollDiary/speechToText/ros2Workspace/build/speech_to_text_pkg' returned '2': AMENT_PREFIX_PATH=/home/dredre/DevStuff/scrollDiary/speechToText/ros2Workspace/install/speech_to_text_interfaces:${AMENT_PREFIX_PATH} CMAKE_PREFIX_PATH=/home/dredre/DevStuff/scrollDiary/speechToText/ros2Workspace/install/speech_to_text_interfaces:/opt/ros/jazzy/opt/sdformat_vendor:/opt/ros/jazzy/opt/gz_math_vendor:/opt/ros/jazzy/opt/gz_utils_vendor:/opt/ros/jazzy/opt/gz_tools_vendor:/opt/ros/jazzy/opt/gz_cmake_vendor:/opt/ros/jazzy DEBUGINFOD_URLS=https://debuginfod.ubuntu.com LD_LIBRARY_PATH=/home/dredre/DevStuff/scrollDiary/speechToText/ros2Workspace/install/speech_to_text_interfaces/lib:${LD_LIBRARY_PATH} PYTHONPATH=/home/dredre/DevStuff/scrollDiary/speechToText/ros2Workspace/install/speech_to_text_interfaces/lib/python3.12/site-packages:${PYTHONPATH} /usr/local/bin/cmake --build /home/dredre/DevStuff/scrollDiary/speechToText/ros2Workspace/build/speech_to_text_pkg -- -j4 -l4
