[0.036s] Invoking command in '/home/dredre/DevStuff/scrollDiary/speechToText/build/speech_to_text_interfaces': CMAKE_PREFIX_PATH=${CMAKE_PREFIX_PATH}:/opt/ros/jazzy DEBUGINFOD_URLS=https://debuginfod.ubuntu.com /usr/local/bin/cmake /home/dredre/DevStuff/scrollDiary/speechToText/ros2Workspace/src/speech_to_text_interfaces -DCMAKE_INSTALL_PREFIX=/home/dredre/DevStuff/scrollDiary/speechToText/install/speech_to_text_interfaces
[0.055s] [0mCMake Deprecation Warning at CMakeLists.txt:1 (cmake_minimum_required):
[0.055s]   Compatibility with CMake < 3.10 will be removed from a future version of
[0.056s]   CMake.
[0.056s] 
[0.056s]   Update the VERSION argument <min> value.  Or, use the <min>...<max> syntax
[0.056s]   to tell CMake that the project requires at least <min> but has been updated
[0.057s]   to work with policies introduced by <max> or earlier.
[0.057s] 
[0.057s] [0m
[0.238s] -- The C compiler identification is GNU 14.2.0
[0.464s] -- The CXX compiler identification is GNU 13.3.0
[0.486s] -- Detecting C compiler ABI info
[0.684s] -- Detecting C compiler ABI info - done
[0.717s] -- Check for working C compiler: /usr/bin/cc - skipped
[0.718s] -- Detecting C compile features
[0.719s] -- Detecting C compile features - done
[0.744s] -- Detecting CXX compiler ABI info
[0.919s] -- Detecting CXX compiler ABI info - done
[0.948s] -- Check for working CXX compiler: /usr/bin/c++ - skipped
[0.948s] -- Detecting CXX compile features
[0.949s] -- Detecting CXX compile features - done
[0.978s] -- Found ament_cmake: 2.5.5 (/opt/ros/jazzy/share/ament_cmake/cmake)
[1.384s] -- Found Python3: /usr/bin/python3 (found version "3.12.3") found components: Interpreter
[1.640s] -- Found rosidl_default_generators: 1.6.0 (/opt/ros/jazzy/share/rosidl_default_generators/cmake)
[1.653s] -- Using all available rosidl_typesupport_c: rosidl_typesupport_fastrtps_c;rosidl_typesupport_introspection_c
[1.767s] -- Using all available rosidl_typesupport_cpp: rosidl_typesupport_fastrtps_cpp;rosidl_typesupport_introspection_cpp
[1.857s] -- Found rosidl_adapter: 4.6.7 (/opt/ros/jazzy/share/rosidl_adapter/cmake)
[2.992s] -- Found ament_cmake_ros: 0.12.0 (/opt/ros/jazzy/share/ament_cmake_ros/cmake)
[3.829s] -- Using all available rosidl_typesupport_c: rosidl_typesupport_fastrtps_c;rosidl_typesupport_introspection_c
[5.084s] -- Using all available rosidl_typesupport_cpp: rosidl_typesupport_fastrtps_cpp;rosidl_typesupport_introspection_cpp
[5.095s] -- Found python_cmake_module: 0.11.1 (/opt/ros/jazzy/share/python_cmake_module/cmake)
[5.783s] -- Found PythonExtra: /usr/bin/python3
[7.923s] -- Found Python3: /usr/bin/python3 (found version "3.12.3") found components: Interpreter Development NumPy Development.Module Development.Embed
[8.162s] -- Configuring done (8.1s)
[8.392s] -- Generating done (0.2s)
[8.439s] -- Build files have been written to: /home/dredre/DevStuff/scrollDiary/speechToText/build/speech_to_text_interfaces
[8.458s] Invoked command in '/home/dredre/DevStuff/scrollDiary/speechToText/build/speech_to_text_interfaces' returned '0': CMAKE_PREFIX_PATH=${CMAKE_PREFIX_PATH}:/opt/ros/jazzy DEBUGINFOD_URLS=https://debuginfod.ubuntu.com /usr/local/bin/cmake /home/dredre/DevStuff/scrollDiary/speechToText/ros2Workspace/src/speech_to_text_interfaces -DCMAKE_INSTALL_PREFIX=/home/dredre/DevStuff/scrollDiary/speechToText/install/speech_to_text_interfaces
[8.460s] Invoking command in '/home/dredre/DevStuff/scrollDiary/speechToText/build/speech_to_text_interfaces': CMAKE_PREFIX_PATH=${CMAKE_PREFIX_PATH}:/opt/ros/jazzy DEBUGINFOD_URLS=https://debuginfod.ubuntu.com /usr/local/bin/cmake --build /home/dredre/DevStuff/scrollDiary/speechToText/build/speech_to_text_interfaces -- -j4 -l4
[8.653s] [  0%] Built target ament_cmake_python_copy_speech_to_text_interfaces
[8.658s] [  2%] [34m[1mGenerating type hashes for ROS interfaces[0m
[9.865s] [  2%] Built target speech_to_text_interfaces__rosidl_generator_type_description
[9.902s] [  5%] [34m[1mGenerating C code for ROS interfaces[0m
[9.946s] [  8%] [34m[1mGenerating C++ code for ROS interfaces[0m
[9.982s] running egg_info
[9.982s] creating speech_to_text_interfaces.egg-info
[10.168s] writing speech_to_text_interfaces.egg-info/PKG-INFO
[10.169s] writing dependency_links to speech_to_text_interfaces.egg-info/dependency_links.txt
[10.169s] writing top-level names to speech_to_text_interfaces.egg-info/top_level.txt
[10.169s] writing manifest file 'speech_to_text_interfaces.egg-info/SOURCES.txt'
[10.774s] reading manifest file 'speech_to_text_interfaces.egg-info/SOURCES.txt'
[10.781s] writing manifest file 'speech_to_text_interfaces.egg-info/SOURCES.txt'
[10.956s] [  8%] Built target ament_cmake_python_build_speech_to_text_interfaces_egg
[11.142s] [ 11%] [32mBuilding C object CMakeFiles/speech_to_text_interfaces__rosidl_generator_c.dir/rosidl_generator_c/speech_to_text_interfaces/msg/detail/audio_stamped__description.c.o[0m
[11.152s] [ 14%] [32mBuilding C object CMakeFiles/speech_to_text_interfaces__rosidl_generator_c.dir/rosidl_generator_c/speech_to_text_interfaces/msg/detail/audio_stamped__type_support.c.o[0m
[11.153s] [ 17%] [32mBuilding C object CMakeFiles/speech_to_text_interfaces__rosidl_generator_c.dir/rosidl_generator_c/speech_to_text_interfaces/msg/detail/audio_stamped__functions.c.o[0m
[11.414s] [ 20%] [32m[1mLinking C shared library libspeech_to_text_interfaces__rosidl_generator_c.so[0m
[11.489s] [ 20%] Built target speech_to_text_interfaces__cpp
[11.541s] [ 20%] Built target speech_to_text_interfaces__rosidl_generator_c
[11.563s] [ 29%] [34m[1mGenerating C type support dispatch for ROS interfaces[0m
[11.568s] [ 26%] [34m[1mGenerating C++ type support dispatch for ROS interfaces[0m
[11.568s] [ 29%] [34m[1mGenerating C type support for eProsima Fast-RTPS[0m
[11.568s] [ 32%] [34m[1mGenerating C++ introspection for ROS interfaces[0m
[12.481s] [ 35%] [32mBuilding CXX object CMakeFiles/speech_to_text_interfaces__rosidl_typesupport_cpp.dir/rosidl_typesupport_cpp/speech_to_text_interfaces/msg/audio_stamped__type_support.cpp.o[0m
[12.742s] [ 38%] [32mBuilding CXX object CMakeFiles/speech_to_text_interfaces__rosidl_typesupport_c.dir/rosidl_typesupport_c/speech_to_text_interfaces/msg/audio_stamped__type_support.cpp.o[0m
[12.743s] [ 41%] [32mBuilding CXX object CMakeFiles/speech_to_text_interfaces__rosidl_typesupport_fastrtps_c.dir/rosidl_typesupport_fastrtps_c/speech_to_text_interfaces/msg/detail/audio_stamped__type_support_c.cpp.o[0m
[12.760s] [ 44%] [32mBuilding CXX object CMakeFiles/speech_to_text_interfaces__rosidl_typesupport_introspection_cpp.dir/rosidl_typesupport_introspection_cpp/speech_to_text_interfaces/msg/detail/audio_stamped__type_support.cpp.o[0m
[12.930s] [ 47%] [32m[1mLinking CXX shared library libspeech_to_text_interfaces__rosidl_typesupport_c.so[0m
[13.071s] [ 47%] Built target speech_to_text_interfaces__rosidl_typesupport_c
[13.095s] [ 50%] [34m[1mGenerating C++ type support for eProsima Fast-RTPS[0m
[14.390s] [ 52%] [32m[1mLinking CXX shared library libspeech_to_text_interfaces__rosidl_typesupport_cpp.so[0m
[14.590s] [ 55%] [32mBuilding CXX object CMakeFiles/speech_to_text_interfaces__rosidl_typesupport_fastrtps_cpp.dir/rosidl_typesupport_fastrtps_cpp/speech_to_text_interfaces/msg/detail/dds_fastrtps/audio_stamped__type_support.cpp.o[0m
[14.620s] [ 58%] [32m[1mLinking CXX shared library libspeech_to_text_interfaces__rosidl_typesupport_introspection_cpp.so[0m
[14.669s] [ 58%] Built target speech_to_text_interfaces__rosidl_typesupport_cpp
[14.707s] [ 61%] [34m[1mGenerating C introspection for ROS interfaces[0m
[15.476s] [ 61%] Built target speech_to_text_interfaces__rosidl_typesupport_introspection_cpp
[15.848s] [ 64%] [32m[1mLinking CXX shared library libspeech_to_text_interfaces__rosidl_typesupport_fastrtps_c.so[0m
[15.925s] [ 67%] [32mBuilding C object CMakeFiles/speech_to_text_interfaces__rosidl_typesupport_introspection_c.dir/rosidl_typesupport_introspection_c/speech_to_text_interfaces/msg/detail/audio_stamped__type_support.c.o[0m
[16.084s] [ 67%] Built target speech_to_text_interfaces__rosidl_typesupport_fastrtps_c
[16.142s] [ 70%] [32m[1mLinking C shared library libspeech_to_text_interfaces__rosidl_typesupport_introspection_c.so[0m
[16.275s] [ 70%] Built target speech_to_text_interfaces__rosidl_typesupport_introspection_c
[16.896s] [ 73%] [32m[1mLinking CXX shared library libspeech_to_text_interfaces__rosidl_typesupport_fastrtps_cpp.so[0m
[17.085s] [ 73%] Built target speech_to_text_interfaces__rosidl_typesupport_fastrtps_cpp
[17.108s] [ 73%] Built target speech_to_text_interfaces
[17.145s] [ 76%] [34m[1mGenerating Python code for ROS interfaces[0m
[17.694s] [ 76%] Built target speech_to_text_interfaces__py
[17.717s] [ 79%] [32mBuilding C object CMakeFiles/speech_to_text_interfaces__rosidl_generator_py.dir/rosidl_generator_py/speech_to_text_interfaces/msg/_audio_stamped_s.c.o[0m
[18.016s] [ 82%] [32m[1mLinking C shared library libspeech_to_text_interfaces__rosidl_generator_py.so[0m
[18.103s] [ 82%] Built target speech_to_text_interfaces__rosidl_generator_py
[18.132s] [ 85%] [32mBuilding C object CMakeFiles/speech_to_text_interfaces_s__rosidl_typesupport_introspection_c.dir/rosidl_generator_py/speech_to_text_interfaces/_speech_to_text_interfaces_s.ep.rosidl_typesupport_introspection_c.c.o[0m
[18.149s] [ 88%] [32mBuilding C object CMakeFiles/speech_to_text_interfaces_s__rosidl_typesupport_fastrtps_c.dir/rosidl_generator_py/speech_to_text_interfaces/_speech_to_text_interfaces_s.ep.rosidl_typesupport_fastrtps_c.c.o[0m
[18.162s] [ 91%] [32mBuilding C object CMakeFiles/speech_to_text_interfaces_s__rosidl_typesupport_c.dir/rosidl_generator_py/speech_to_text_interfaces/_speech_to_text_interfaces_s.ep.rosidl_typesupport_c.c.o[0m
[18.397s] [ 94%] [32m[1mLinking C shared module rosidl_generator_py/speech_to_text_interfaces/speech_to_text_interfaces_s__rosidl_typesupport_fastrtps_c.so[0m
[18.453s] [ 94%] Built target speech_to_text_interfaces_s__rosidl_typesupport_fastrtps_c
[18.525s] [ 97%] [32m[1mLinking C shared module rosidl_generator_py/speech_to_text_interfaces/speech_to_text_interfaces_s__rosidl_typesupport_introspection_c.so[0m
[18.568s] [100%] [32m[1mLinking C shared module rosidl_generator_py/speech_to_text_interfaces/speech_to_text_interfaces_s__rosidl_typesupport_c.so[0m
[18.603s] [100%] Built target speech_to_text_interfaces_s__rosidl_typesupport_introspection_c
[18.626s] [100%] Built target speech_to_text_interfaces_s__rosidl_typesupport_c
[18.661s] Invoked command in '/home/dredre/DevStuff/scrollDiary/speechToText/build/speech_to_text_interfaces' returned '0': CMAKE_PREFIX_PATH=${CMAKE_PREFIX_PATH}:/opt/ros/jazzy DEBUGINFOD_URLS=https://debuginfod.ubuntu.com /usr/local/bin/cmake --build /home/dredre/DevStuff/scrollDiary/speechToText/build/speech_to_text_interfaces -- -j4 -l4
[18.672s] Invoking command in '/home/dredre/DevStuff/scrollDiary/speechToText/build/speech_to_text_interfaces': CMAKE_PREFIX_PATH=${CMAKE_PREFIX_PATH}:/opt/ros/jazzy DEBUGINFOD_URLS=https://debuginfod.ubuntu.com /usr/local/bin/cmake --install /home/dredre/DevStuff/scrollDiary/speechToText/build/speech_to_text_interfaces
[18.681s] -- Install configuration: ""
[18.682s] -- Installing: /home/dredre/DevStuff/scrollDiary/speechToText/install/speech_to_text_interfaces/share/ament_index/resource_index/rosidl_interfaces/speech_to_text_interfaces
[18.682s] -- Installing: /home/dredre/DevStuff/scrollDiary/speechToText/install/speech_to_text_interfaces/share/speech_to_text_interfaces/msg/AudioStamped.json
[18.682s] -- Installing: /home/dredre/DevStuff/scrollDiary/speechToText/install/speech_to_text_interfaces/include/speech_to_text_interfaces/speech_to_text_interfaces
[18.683s] -- Installing: /home/dredre/DevStuff/scrollDiary/speechToText/install/speech_to_text_interfaces/include/speech_to_text_interfaces/speech_to_text_interfaces/msg
[18.683s] -- Installing: /home/dredre/DevStuff/scrollDiary/speechToText/install/speech_to_text_interfaces/include/speech_to_text_interfaces/speech_to_text_interfaces/msg/audio_stamped.h
[18.683s] -- Installing: /home/dredre/DevStuff/scrollDiary/speechToText/install/speech_to_text_interfaces/include/speech_to_text_interfaces/speech_to_text_interfaces/msg/rosidl_generator_c__visibility_control.h
[18.683s] -- Installing: /home/dredre/DevStuff/scrollDiary/speechToText/install/speech_to_text_interfaces/include/speech_to_text_interfaces/speech_to_text_interfaces/msg/detail
[18.683s] -- Installing: /home/dredre/DevStuff/scrollDiary/speechToText/install/speech_to_text_interfaces/include/speech_to_text_interfaces/speech_to_text_interfaces/msg/detail/audio_stamped__struct.h
[18.684s] -- Installing: /home/dredre/DevStuff/scrollDiary/speechToText/install/speech_to_text_interfaces/include/speech_to_text_interfaces/speech_to_text_interfaces/msg/detail/audio_stamped__description.c
[18.684s] -- Installing: /home/dredre/DevStuff/scrollDiary/speechToText/install/speech_to_text_interfaces/include/speech_to_text_interfaces/speech_to_text_interfaces/msg/detail/audio_stamped__functions.c
[18.684s] -- Installing: /home/dredre/DevStuff/scrollDiary/speechToText/install/speech_to_text_interfaces/include/speech_to_text_interfaces/speech_to_text_interfaces/msg/detail/audio_stamped__functions.h
[18.684s] -- Installing: /home/dredre/DevStuff/scrollDiary/speechToText/install/speech_to_text_interfaces/include/speech_to_text_interfaces/speech_to_text_interfaces/msg/detail/audio_stamped__type_support.c
[18.684s] -- Installing: /home/dredre/DevStuff/scrollDiary/speechToText/install/speech_to_text_interfaces/include/speech_to_text_interfaces/speech_to_text_interfaces/msg/detail/audio_stamped__type_support.h
[18.685s] -- Installing: /home/dredre/DevStuff/scrollDiary/speechToText/install/speech_to_text_interfaces/share/speech_to_text_interfaces/environment/library_path.sh
[18.685s] -- Installing: /home/dredre/DevStuff/scrollDiary/speechToText/install/speech_to_text_interfaces/share/speech_to_text_interfaces/environment/library_path.dsv
[18.685s] -- Installing: /home/dredre/DevStuff/scrollDiary/speechToText/install/speech_to_text_interfaces/lib/libspeech_to_text_interfaces__rosidl_generator_c.so
[18.687s] -- Set non-toolchain portion of runtime path of "/home/dredre/DevStuff/scrollDiary/speechToText/install/speech_to_text_interfaces/lib/libspeech_to_text_interfaces__rosidl_generator_c.so" to ""
[18.688s] -- Up-to-date: /home/dredre/DevStuff/scrollDiary/speechToText/install/speech_to_text_interfaces/include/speech_to_text_interfaces/speech_to_text_interfaces
[18.689s] -- Up-to-date: /home/dredre/DevStuff/scrollDiary/speechToText/install/speech_to_text_interfaces/include/speech_to_text_interfaces/speech_to_text_interfaces/msg
[18.689s] -- Installing: /home/dredre/DevStuff/scrollDiary/speechToText/install/speech_to_text_interfaces/include/speech_to_text_interfaces/speech_to_text_interfaces/msg/rosidl_typesupport_fastrtps_c__visibility_control.h
[18.689s] -- Up-to-date: /home/dredre/DevStuff/scrollDiary/speechToText/install/speech_to_text_interfaces/include/speech_to_text_interfaces/speech_to_text_interfaces/msg/detail
[18.689s] -- Installing: /home/dredre/DevStuff/scrollDiary/speechToText/install/speech_to_text_interfaces/include/speech_to_text_interfaces/speech_to_text_interfaces/msg/detail/audio_stamped__rosidl_typesupport_fastrtps_c.h
[18.689s] -- Installing: /home/dredre/DevStuff/scrollDiary/speechToText/install/speech_to_text_interfaces/lib/libspeech_to_text_interfaces__rosidl_typesupport_fastrtps_c.so
[18.689s] -- Set non-toolchain portion of runtime path of "/home/dredre/DevStuff/scrollDiary/speechToText/install/speech_to_text_interfaces/lib/libspeech_to_text_interfaces__rosidl_typesupport_fastrtps_c.so" to ""
[18.690s] -- Up-to-date: /home/dredre/DevStuff/scrollDiary/speechToText/install/speech_to_text_interfaces/include/speech_to_text_interfaces/speech_to_text_interfaces
[18.690s] -- Up-to-date: /home/dredre/DevStuff/scrollDiary/speechToText/install/speech_to_text_interfaces/include/speech_to_text_interfaces/speech_to_text_interfaces/msg
[18.690s] -- Installing: /home/dredre/DevStuff/scrollDiary/speechToText/install/speech_to_text_interfaces/include/speech_to_text_interfaces/speech_to_text_interfaces/msg/rosidl_typesupport_introspection_c__visibility_control.h
[18.691s] -- Up-to-date: /home/dredre/DevStuff/scrollDiary/speechToText/install/speech_to_text_interfaces/include/speech_to_text_interfaces/speech_to_text_interfaces/msg/detail
[18.691s] -- Installing: /home/dredre/DevStuff/scrollDiary/speechToText/install/speech_to_text_interfaces/include/speech_to_text_interfaces/speech_to_text_interfaces/msg/detail/audio_stamped__rosidl_typesupport_introspection_c.h
[18.691s] -- Installing: /home/dredre/DevStuff/scrollDiary/speechToText/install/speech_to_text_interfaces/include/speech_to_text_interfaces/speech_to_text_interfaces/msg/detail/audio_stamped__type_support.c
[18.692s] -- Installing: /home/dredre/DevStuff/scrollDiary/speechToText/install/speech_to_text_interfaces/lib/libspeech_to_text_interfaces__rosidl_typesupport_introspection_c.so
[18.693s] -- Set non-toolchain portion of runtime path of "/home/dredre/DevStuff/scrollDiary/speechToText/install/speech_to_text_interfaces/lib/libspeech_to_text_interfaces__rosidl_typesupport_introspection_c.so" to ""
[18.694s] -- Installing: /home/dredre/DevStuff/scrollDiary/speechToText/install/speech_to_text_interfaces/lib/libspeech_to_text_interfaces__rosidl_typesupport_c.so
[18.694s] -- Set non-toolchain portion of runtime path of "/home/dredre/DevStuff/scrollDiary/speechToText/install/speech_to_text_interfaces/lib/libspeech_to_text_interfaces__rosidl_typesupport_c.so" to ""
[18.694s] -- Up-to-date: /home/dredre/DevStuff/scrollDiary/speechToText/install/speech_to_text_interfaces/include/speech_to_text_interfaces/speech_to_text_interfaces
[18.694s] -- Up-to-date: /home/dredre/DevStuff/scrollDiary/speechToText/install/speech_to_text_interfaces/include/speech_to_text_interfaces/speech_to_text_interfaces/msg
[18.694s] -- Installing: /home/dredre/DevStuff/scrollDiary/speechToText/install/speech_to_text_interfaces/include/speech_to_text_interfaces/speech_to_text_interfaces/msg/rosidl_generator_cpp__visibility_control.hpp
[18.694s] -- Installing: /home/dredre/DevStuff/scrollDiary/speechToText/install/speech_to_text_interfaces/include/speech_to_text_interfaces/speech_to_text_interfaces/msg/audio_stamped.hpp
[18.695s] -- Up-to-date: /home/dredre/DevStuff/scrollDiary/speechToText/install/speech_to_text_interfaces/include/speech_to_text_interfaces/speech_to_text_interfaces/msg/detail
[18.695s] -- Installing: /home/dredre/DevStuff/scrollDiary/speechToText/install/speech_to_text_interfaces/include/speech_to_text_interfaces/speech_to_text_interfaces/msg/detail/audio_stamped__builder.hpp
[18.696s] -- Installing: /home/dredre/DevStuff/scrollDiary/speechToText/install/speech_to_text_interfaces/include/speech_to_text_interfaces/speech_to_text_interfaces/msg/detail/audio_stamped__struct.hpp
[18.697s] -- Installing: /home/dredre/DevStuff/scrollDiary/speechToText/install/speech_to_text_interfaces/include/speech_to_text_interfaces/speech_to_text_interfaces/msg/detail/audio_stamped__traits.hpp
[18.698s] -- Installing: /home/dredre/DevStuff/scrollDiary/speechToText/install/speech_to_text_interfaces/include/speech_to_text_interfaces/speech_to_text_interfaces/msg/detail/audio_stamped__type_support.hpp
[18.699s] -- Up-to-date: /home/dredre/DevStuff/scrollDiary/speechToText/install/speech_to_text_interfaces/include/speech_to_text_interfaces/speech_to_text_interfaces
[18.699s] -- Up-to-date: /home/dredre/DevStuff/scrollDiary/speechToText/install/speech_to_text_interfaces/include/speech_to_text_interfaces/speech_to_text_interfaces/msg
[18.699s] -- Installing: /home/dredre/DevStuff/scrollDiary/speechToText/install/speech_to_text_interfaces/include/speech_to_text_interfaces/speech_to_text_interfaces/msg/rosidl_typesupport_fastrtps_cpp__visibility_control.h
[18.701s] -- Up-to-date: /home/dredre/DevStuff/scrollDiary/speechToText/install/speech_to_text_interfaces/include/speech_to_text_interfaces/speech_to_text_interfaces/msg/detail
[18.701s] -- Installing: /home/dredre/DevStuff/scrollDiary/speechToText/install/speech_to_text_interfaces/include/speech_to_text_interfaces/speech_to_text_interfaces/msg/detail/audio_stamped__rosidl_typesupport_fastrtps_cpp.hpp
[18.701s] -- Installing: /home/dredre/DevStuff/scrollDiary/speechToText/install/speech_to_text_interfaces/include/speech_to_text_interfaces/speech_to_text_interfaces/msg/detail/dds_fastrtps
[18.702s] -- Installing: /home/dredre/DevStuff/scrollDiary/speechToText/install/speech_to_text_interfaces/lib/libspeech_to_text_interfaces__rosidl_typesupport_fastrtps_cpp.so
[18.702s] -- Set non-toolchain portion of runtime path of "/home/dredre/DevStuff/scrollDiary/speechToText/install/speech_to_text_interfaces/lib/libspeech_to_text_interfaces__rosidl_typesupport_fastrtps_cpp.so" to ""
[18.702s] -- Up-to-date: /home/dredre/DevStuff/scrollDiary/speechToText/install/speech_to_text_interfaces/include/speech_to_text_interfaces/speech_to_text_interfaces
[18.702s] -- Up-to-date: /home/dredre/DevStuff/scrollDiary/speechToText/install/speech_to_text_interfaces/include/speech_to_text_interfaces/speech_to_text_interfaces/msg
[18.702s] -- Up-to-date: /home/dredre/DevStuff/scrollDiary/speechToText/install/speech_to_text_interfaces/include/speech_to_text_interfaces/speech_to_text_interfaces/msg/detail
[18.703s] -- Installing: /home/dredre/DevStuff/scrollDiary/speechToText/install/speech_to_text_interfaces/include/speech_to_text_interfaces/speech_to_text_interfaces/msg/detail/audio_stamped__rosidl_typesupport_introspection_cpp.hpp
[18.703s] -- Installing: /home/dredre/DevStuff/scrollDiary/speechToText/install/speech_to_text_interfaces/include/speech_to_text_interfaces/speech_to_text_interfaces/msg/detail/audio_stamped__type_support.cpp
[18.703s] -- Installing: /home/dredre/DevStuff/scrollDiary/speechToText/install/speech_to_text_interfaces/lib/libspeech_to_text_interfaces__rosidl_typesupport_introspection_cpp.so
[18.703s] -- Set non-toolchain portion of runtime path of "/home/dredre/DevStuff/scrollDiary/speechToText/install/speech_to_text_interfaces/lib/libspeech_to_text_interfaces__rosidl_typesupport_introspection_cpp.so" to ""
[18.703s] -- Installing: /home/dredre/DevStuff/scrollDiary/speechToText/install/speech_to_text_interfaces/lib/libspeech_to_text_interfaces__rosidl_typesupport_cpp.so
[18.704s] -- Set non-toolchain portion of runtime path of "/home/dredre/DevStuff/scrollDiary/speechToText/install/speech_to_text_interfaces/lib/libspeech_to_text_interfaces__rosidl_typesupport_cpp.so" to ""
[18.704s] -- Installing: /home/dredre/DevStuff/scrollDiary/speechToText/install/speech_to_text_interfaces/share/speech_to_text_interfaces/environment/pythonpath.sh
[18.704s] -- Installing: /home/dredre/DevStuff/scrollDiary/speechToText/install/speech_to_text_interfaces/share/speech_to_text_interfaces/environment/pythonpath.dsv
[18.704s] -- Installing: /home/dredre/DevStuff/scrollDiary/speechToText/install/speech_to_text_interfaces/lib/python3.12/site-packages/speech_to_text_interfaces-0.0.0-py3.12.egg-info
[18.704s] -- Installing: /home/dredre/DevStuff/scrollDiary/speechToText/install/speech_to_text_interfaces/lib/python3.12/site-packages/speech_to_text_interfaces-0.0.0-py3.12.egg-info/dependency_links.txt
[18.704s] -- Installing: /home/dredre/DevStuff/scrollDiary/speechToText/install/speech_to_text_interfaces/lib/python3.12/site-packages/speech_to_text_interfaces-0.0.0-py3.12.egg-info/top_level.txt
[18.704s] -- Installing: /home/dredre/DevStuff/scrollDiary/speechToText/install/speech_to_text_interfaces/lib/python3.12/site-packages/speech_to_text_interfaces-0.0.0-py3.12.egg-info/SOURCES.txt
[18.705s] -- Installing: /home/dredre/DevStuff/scrollDiary/speechToText/install/speech_to_text_interfaces/lib/python3.12/site-packages/speech_to_text_interfaces-0.0.0-py3.12.egg-info/PKG-INFO
[18.705s] -- Installing: /home/dredre/DevStuff/scrollDiary/speechToText/install/speech_to_text_interfaces/lib/python3.12/site-packages/speech_to_text_interfaces
[18.705s] -- Installing: /home/dredre/DevStuff/scrollDiary/speechToText/install/speech_to_text_interfaces/lib/python3.12/site-packages/speech_to_text_interfaces/_speech_to_text_interfaces_s.ep.rosidl_typesupport_fastrtps_c.c
[18.705s] -- Installing: /home/dredre/DevStuff/scrollDiary/speechToText/install/speech_to_text_interfaces/lib/python3.12/site-packages/speech_to_text_interfaces/_speech_to_text_interfaces_s.ep.rosidl_typesupport_introspection_c.c
[18.705s] -- Installing: /home/dredre/DevStuff/scrollDiary/speechToText/install/speech_to_text_interfaces/lib/python3.12/site-packages/speech_to_text_interfaces/speech_to_text_interfaces_s__rosidl_typesupport_c.so
[18.705s] -- Installing: /home/dredre/DevStuff/scrollDiary/speechToText/install/speech_to_text_interfaces/lib/python3.12/site-packages/speech_to_text_interfaces/msg
[18.706s] -- Installing: /home/dredre/DevStuff/scrollDiary/speechToText/install/speech_to_text_interfaces/lib/python3.12/site-packages/speech_to_text_interfaces/msg/_audio_stamped_s.c
[18.706s] -- Installing: /home/dredre/DevStuff/scrollDiary/speechToText/install/speech_to_text_interfaces/lib/python3.12/site-packages/speech_to_text_interfaces/msg/__init__.py
[18.706s] -- Installing: /home/dredre/DevStuff/scrollDiary/speechToText/install/speech_to_text_interfaces/lib/python3.12/site-packages/speech_to_text_interfaces/msg/_audio_stamped.py
[18.706s] -- Installing: /home/dredre/DevStuff/scrollDiary/speechToText/install/speech_to_text_interfaces/lib/python3.12/site-packages/speech_to_text_interfaces/__init__.py
[18.706s] -- Installing: /home/dredre/DevStuff/scrollDiary/speechToText/install/speech_to_text_interfaces/lib/python3.12/site-packages/speech_to_text_interfaces/speech_to_text_interfaces_s__rosidl_typesupport_introspection_c.so
[18.706s] -- Installing: /home/dredre/DevStuff/scrollDiary/speechToText/install/speech_to_text_interfaces/lib/python3.12/site-packages/speech_to_text_interfaces/speech_to_text_interfaces_s__rosidl_typesupport_fastrtps_c.so
[18.706s] -- Installing: /home/dredre/DevStuff/scrollDiary/speechToText/install/speech_to_text_interfaces/lib/python3.12/site-packages/speech_to_text_interfaces/_speech_to_text_interfaces_s.ep.rosidl_typesupport_c.c
[18.802s] Listing '/home/dredre/DevStuff/scrollDiary/speechToText/install/speech_to_text_interfaces/lib/python3.12/site-packages/speech_to_text_interfaces'...
[18.803s] Compiling '/home/dredre/DevStuff/scrollDiary/speechToText/install/speech_to_text_interfaces/lib/python3.12/site-packages/speech_to_text_interfaces/__init__.py'...
[18.803s] Listing '/home/dredre/DevStuff/scrollDiary/speechToText/install/speech_to_text_interfaces/lib/python3.12/site-packages/speech_to_text_interfaces/msg'...
[18.804s] Compiling '/home/dredre/DevStuff/scrollDiary/speechToText/install/speech_to_text_interfaces/lib/python3.12/site-packages/speech_to_text_interfaces/msg/__init__.py'...
[18.804s] Compiling '/home/dredre/DevStuff/scrollDiary/speechToText/install/speech_to_text_interfaces/lib/python3.12/site-packages/speech_to_text_interfaces/msg/_audio_stamped.py'...
[18.822s] -- Installing: /home/dredre/DevStuff/scrollDiary/speechToText/install/speech_to_text_interfaces/lib/python3.12/site-packages/speech_to_text_interfaces/speech_to_text_interfaces_s__rosidl_typesupport_fastrtps_c.so
[18.823s] -- Set non-toolchain portion of runtime path of "/home/dredre/DevStuff/scrollDiary/speechToText/install/speech_to_text_interfaces/lib/python3.12/site-packages/speech_to_text_interfaces/speech_to_text_interfaces_s__rosidl_typesupport_fastrtps_c.so" to ""
[18.823s] -- Installing: /home/dredre/DevStuff/scrollDiary/speechToText/install/speech_to_text_interfaces/lib/python3.12/site-packages/speech_to_text_interfaces/speech_to_text_interfaces_s__rosidl_typesupport_introspection_c.so
[18.824s] -- Set non-toolchain portion of runtime path of "/home/dredre/DevStuff/scrollDiary/speechToText/install/speech_to_text_interfaces/lib/python3.12/site-packages/speech_to_text_interfaces/speech_to_text_interfaces_s__rosidl_typesupport_introspection_c.so" to ""
[18.825s] -- Installing: /home/dredre/DevStuff/scrollDiary/speechToText/install/speech_to_text_interfaces/lib/python3.12/site-packages/speech_to_text_interfaces/speech_to_text_interfaces_s__rosidl_typesupport_c.so
[18.826s] -- Set non-toolchain portion of runtime path of "/home/dredre/DevStuff/scrollDiary/speechToText/install/speech_to_text_interfaces/lib/python3.12/site-packages/speech_to_text_interfaces/speech_to_text_interfaces_s__rosidl_typesupport_c.so" to ""
[18.827s] -- Installing: /home/dredre/DevStuff/scrollDiary/speechToText/install/speech_to_text_interfaces/lib/libspeech_to_text_interfaces__rosidl_generator_py.so
[18.830s] -- Set non-toolchain portion of runtime path of "/home/dredre/DevStuff/scrollDiary/speechToText/install/speech_to_text_interfaces/lib/libspeech_to_text_interfaces__rosidl_generator_py.so" to ""
[18.832s] -- Installing: /home/dredre/DevStuff/scrollDiary/speechToText/install/speech_to_text_interfaces/share/speech_to_text_interfaces/msg/AudioStamped.idl
[18.832s] -- Installing: /home/dredre/DevStuff/scrollDiary/speechToText/install/speech_to_text_interfaces/share/speech_to_text_interfaces/msg/AudioStamped.msg
[18.832s] -- Installing: /home/dredre/DevStuff/scrollDiary/speechToText/install/speech_to_text_interfaces/share/ament_index/resource_index/package_run_dependencies/speech_to_text_interfaces
[18.832s] -- Installing: /home/dredre/DevStuff/scrollDiary/speechToText/install/speech_to_text_interfaces/share/ament_index/resource_index/parent_prefix_path/speech_to_text_interfaces
[18.832s] -- Installing: /home/dredre/DevStuff/scrollDiary/speechToText/install/speech_to_text_interfaces/share/speech_to_text_interfaces/environment/ament_prefix_path.sh
[18.832s] -- Installing: /home/dredre/DevStuff/scrollDiary/speechToText/install/speech_to_text_interfaces/share/speech_to_text_interfaces/environment/ament_prefix_path.dsv
[18.833s] -- Installing: /home/dredre/DevStuff/scrollDiary/speechToText/install/speech_to_text_interfaces/share/speech_to_text_interfaces/environment/path.sh
[18.833s] -- Installing: /home/dredre/DevStuff/scrollDiary/speechToText/install/speech_to_text_interfaces/share/speech_to_text_interfaces/environment/path.dsv
[18.833s] -- Installing: /home/dredre/DevStuff/scrollDiary/speechToText/install/speech_to_text_interfaces/share/speech_to_text_interfaces/local_setup.bash
[18.837s] -- Installing: /home/dredre/DevStuff/scrollDiary/speechToText/install/speech_to_text_interfaces/share/speech_to_text_interfaces/local_setup.sh
[18.837s] -- Installing: /home/dredre/DevStuff/scrollDiary/speechToText/install/speech_to_text_interfaces/share/speech_to_text_interfaces/local_setup.zsh
[18.837s] -- Installing: /home/dredre/DevStuff/scrollDiary/speechToText/install/speech_to_text_interfaces/share/speech_to_text_interfaces/local_setup.dsv
[18.838s] -- Installing: /home/dredre/DevStuff/scrollDiary/speechToText/install/speech_to_text_interfaces/share/speech_to_text_interfaces/package.dsv
[18.838s] -- Installing: /home/dredre/DevStuff/scrollDiary/speechToText/install/speech_to_text_interfaces/share/ament_index/resource_index/packages/speech_to_text_interfaces
[18.838s] -- Installing: /home/dredre/DevStuff/scrollDiary/speechToText/install/speech_to_text_interfaces/share/speech_to_text_interfaces/cmake/export_speech_to_text_interfaces__rosidl_generator_cExport.cmake
[18.838s] -- Installing: /home/dredre/DevStuff/scrollDiary/speechToText/install/speech_to_text_interfaces/share/speech_to_text_interfaces/cmake/export_speech_to_text_interfaces__rosidl_generator_cExport-noconfig.cmake
[18.838s] -- Installing: /home/dredre/DevStuff/scrollDiary/speechToText/install/speech_to_text_interfaces/share/speech_to_text_interfaces/cmake/export_speech_to_text_interfaces__rosidl_typesupport_fastrtps_cExport.cmake
[18.841s] -- Installing: /home/dredre/DevStuff/scrollDiary/speechToText/install/speech_to_text_interfaces/share/speech_to_text_interfaces/cmake/export_speech_to_text_interfaces__rosidl_typesupport_fastrtps_cExport-noconfig.cmake
[18.841s] -- Installing: /home/dredre/DevStuff/scrollDiary/speechToText/install/speech_to_text_interfaces/share/speech_to_text_interfaces/cmake/speech_to_text_interfaces__rosidl_typesupport_introspection_cExport.cmake
[18.842s] -- Installing: /home/dredre/DevStuff/scrollDiary/speechToText/install/speech_to_text_interfaces/share/speech_to_text_interfaces/cmake/speech_to_text_interfaces__rosidl_typesupport_introspection_cExport-noconfig.cmake
[18.843s] -- Installing: /home/dredre/DevStuff/scrollDiary/speechToText/install/speech_to_text_interfaces/share/speech_to_text_interfaces/cmake/speech_to_text_interfaces__rosidl_typesupport_cExport.cmake
[18.845s] -- Installing: /home/dredre/DevStuff/scrollDiary/speechToText/install/speech_to_text_interfaces/share/speech_to_text_interfaces/cmake/speech_to_text_interfaces__rosidl_typesupport_cExport-noconfig.cmake
[18.847s] -- Installing: /home/dredre/DevStuff/scrollDiary/speechToText/install/speech_to_text_interfaces/share/speech_to_text_interfaces/cmake/export_speech_to_text_interfaces__rosidl_generator_cppExport.cmake
[18.849s] -- Installing: /home/dredre/DevStuff/scrollDiary/speechToText/install/speech_to_text_interfaces/share/speech_to_text_interfaces/cmake/export_speech_to_text_interfaces__rosidl_typesupport_fastrtps_cppExport.cmake
[18.849s] -- Installing: /home/dredre/DevStuff/scrollDiary/speechToText/install/speech_to_text_interfaces/share/speech_to_text_interfaces/cmake/export_speech_to_text_interfaces__rosidl_typesupport_fastrtps_cppExport-noconfig.cmake
[18.849s] -- Installing: /home/dredre/DevStuff/scrollDiary/speechToText/install/speech_to_text_interfaces/share/speech_to_text_interfaces/cmake/speech_to_text_interfaces__rosidl_typesupport_introspection_cppExport.cmake
[18.849s] -- Installing: /home/dredre/DevStuff/scrollDiary/speechToText/install/speech_to_text_interfaces/share/speech_to_text_interfaces/cmake/speech_to_text_interfaces__rosidl_typesupport_introspection_cppExport-noconfig.cmake
[18.850s] -- Installing: /home/dredre/DevStuff/scrollDiary/speechToText/install/speech_to_text_interfaces/share/speech_to_text_interfaces/cmake/speech_to_text_interfaces__rosidl_typesupport_cppExport.cmake
[18.850s] -- Installing: /home/dredre/DevStuff/scrollDiary/speechToText/install/speech_to_text_interfaces/share/speech_to_text_interfaces/cmake/speech_to_text_interfaces__rosidl_typesupport_cppExport-noconfig.cmake
[18.850s] -- Installing: /home/dredre/DevStuff/scrollDiary/speechToText/install/speech_to_text_interfaces/share/speech_to_text_interfaces/cmake/export_speech_to_text_interfaces__rosidl_generator_pyExport.cmake
[18.850s] -- Installing: /home/dredre/DevStuff/scrollDiary/speechToText/install/speech_to_text_interfaces/share/speech_to_text_interfaces/cmake/export_speech_to_text_interfaces__rosidl_generator_pyExport-noconfig.cmake
[18.850s] -- Installing: /home/dredre/DevStuff/scrollDiary/speechToText/install/speech_to_text_interfaces/share/speech_to_text_interfaces/cmake/rosidl_cmake-extras.cmake
[18.850s] -- Installing: /home/dredre/DevStuff/scrollDiary/speechToText/install/speech_to_text_interfaces/share/speech_to_text_interfaces/cmake/ament_cmake_export_include_directories-extras.cmake
[18.850s] -- Installing: /home/dredre/DevStuff/scrollDiary/speechToText/install/speech_to_text_interfaces/share/speech_to_text_interfaces/cmake/ament_cmake_export_libraries-extras.cmake
[18.850s] -- Installing: /home/dredre/DevStuff/scrollDiary/speechToText/install/speech_to_text_interfaces/share/speech_to_text_interfaces/cmake/ament_cmake_export_targets-extras.cmake
[18.851s] -- Installing: /home/dredre/DevStuff/scrollDiary/speechToText/install/speech_to_text_interfaces/share/speech_to_text_interfaces/cmake/rosidl_cmake_export_typesupport_targets-extras.cmake
[18.855s] -- Installing: /home/dredre/DevStuff/scrollDiary/speechToText/install/speech_to_text_interfaces/share/speech_to_text_interfaces/cmake/ament_cmake_export_dependencies-extras.cmake
[18.855s] -- Installing: /home/dredre/DevStuff/scrollDiary/speechToText/install/speech_to_text_interfaces/share/speech_to_text_interfaces/cmake/rosidl_cmake_export_typesupport_libraries-extras.cmake
[18.855s] -- Installing: /home/dredre/DevStuff/scrollDiary/speechToText/install/speech_to_text_interfaces/share/speech_to_text_interfaces/cmake/speech_to_text_interfacesConfig.cmake
[18.855s] -- Installing: /home/dredre/DevStuff/scrollDiary/speechToText/install/speech_to_text_interfaces/share/speech_to_text_interfaces/cmake/speech_to_text_interfacesConfig-version.cmake
[18.856s] -- Installing: /home/dredre/DevStuff/scrollDiary/speechToText/install/speech_to_text_interfaces/share/speech_to_text_interfaces/package.xml
[18.877s] Invoked command in '/home/dredre/DevStuff/scrollDiary/speechToText/build/speech_to_text_interfaces' returned '0': CMAKE_PREFIX_PATH=${CMAKE_PREFIX_PATH}:/opt/ros/jazzy DEBUGINFOD_URLS=https://debuginfod.ubuntu.com /usr/local/bin/cmake --install /home/dredre/DevStuff/scrollDiary/speechToText/build/speech_to_text_interfaces
