[01m[K/home/dredre/DevStuff/scrollDiary/speechToText/ros2Workspace/src/speech_to_text_pkg/src/audioFunctions.cpp:[m[K In member function ‘[01m[Kvoid AudioCaptureNode::[01;32m[KpublishAudio[m[K()[m[K’:
[01m[K/home/dredre/DevStuff/scrollDiary/speechToText/ros2Workspace/src/speech_to_text_pkg/src/audioFunctions.cpp:107:10:[m[K [01;31m[Kerror: [m[K‘[01m[Kstruct speech_to_text_interfaces::msg::AudioStamped_<std::allocator<void> >[m[K’ has no member named ‘[01m[Kheader[m[K’
  107 |     msg->[01;31m[Kheader[m[K.stamp = now();
      |          [01;31m[K^~~~~~[m[K
[01m[K/home/dredre/DevStuff/scrollDiary/speechToText/ros2Workspace/src/speech_to_text_pkg/src/audioFunctions.cpp:108:10:[m[K [01;31m[Kerror: [m[K‘[01m[Kstruct speech_to_text_interfaces::msg::AudioStamped_<std::allocator<void> >[m[K’ has no member named ‘[01m[Kheader[m[K’
  108 |     msg->[01;31m[Kheader[m[K.frame_id = "microphone";
      |          [01;31m[K^~~~~~[m[K
[01m[K/home/dredre/DevStuff/scrollDiary/speechToText/ros2Workspace/src/speech_to_text_pkg/src/audioFunctions.cpp:114:24:[m[K [01;31m[Kerror: [m[Kno matching function for call to ‘[01m[KCircularBuffer<float>::pop(float*, const uint32_t&)[m[K’
  114 |     [01;31m[Kcapture_.buffer.pop(msg->data.data(), SAMPLES_PER_CHUNK)[m[K;
      |     [01;31m[K~~~~~~~~~~~~~~~~~~~^~~~~~~~~~~~~~~~~~~~~~~~~~~~~~~~~~~~~[m[K
In file included from [01m[K/home/dredre/DevStuff/scrollDiary/speechToText/ros2Workspace/src/speech_to_text_pkg/include/speech_to_text_pkg/audio.hpp:7[m[K,
                 from [01m[K/home/dredre/DevStuff/scrollDiary/speechToText/ros2Workspace/src/speech_to_text_pkg/src/audioFunctions.cpp:3[m[K:
[01m[K/home/dredre/DevStuff/scrollDiary/speechToText/ros2Workspace/src/speech_to_text_pkg/src/circularBuffer.hpp:37:20:[m[K [01;36m[Knote: [m[Kcandidate: ‘[01m[Kstd::vector<BufferT> CircularBuffer<T>::[01;32m[Kpop[m[K(size_t) [35m[K[with T = float; size_t = long unsigned int][m[K[m[K’
   37 |     std::vector<T> [01;36m[Kpop[m[K(size_t len) {
      |                    [01;36m[K^~~[m[K
[01m[K/home/dredre/DevStuff/scrollDiary/speechToText/ros2Workspace/src/speech_to_text_pkg/src/circularBuffer.hpp:37:20:[m[K [01;36m[Knote: [m[K  candidate expects 1 argument, 2 provided
[01m[K/home/dredre/DevStuff/scrollDiary/speechToText/ros2Workspace/src/speech_to_text_pkg/src/audioFunctions.cpp:[m[K In function ‘[01m[Kvoid[01;32m[K audioCallback[m[K(ma_device*, void*, const void*, ma_uint32)[m[K’:
[01m[K/home/dredre/DevStuff/scrollDiary/speechToText/ros2Workspace/src/speech_to_text_pkg/src/audioFunctions.cpp:124:45:[m[K [01;35m[Kwarning: [m[Kunused parameter ‘[01m[Koutput[m[K’ [[01;35m[K]8;;https://gcc.gnu.org/onlinedocs/gcc/Warning-Options.html#index-Wunused-parameter-Wunused-parameter]8;;[m[K]
  124 | void audioCallback(ma_device* device, [01;35m[Kvoid* output[m[K, const void* input, ma_uint32 frameCount) {
      |                                       [01;35m[K~~~~~~^~~~~~[m[K
gmake[2]: *** [CMakeFiles/audio_capture_node.dir/build.make:93: CMakeFiles/audio_capture_node.dir/src/audioFunctions.cpp.o] Error 1
gmake[1]: *** [CMakeFiles/Makefile2:153: CMakeFiles/audio_capture_node.dir/all] Error 2
gmake: *** [Makefile:146: all] Error 2
