[01m[K/home/dredre/DevStuff/scrollDiary/speechToText/ros2Workspace/src/speech_to_text_pkg/src/whisperTranscriptionNode.cpp:[m[K In constructor ‘[01m[KwhisperTranscriptionNode::[01;32m[KwhisperTranscriptionNode[m[K()[m[K’:
[01m[K/home/dredre/DevStuff/scrollDiary/speechToText/ros2Workspace/src/speech_to_text_pkg/src/whisperTranscriptionNode.cpp:4:3:[m[K [01;31m[Kerror: [m[Kexpected identifier before ‘[01m[K{[m[K’ token
    4 | : [01;31m[K{[m[K
      |   [01;31m[K^[m[K
[01m[K/home/dredre/DevStuff/scrollDiary/speechToText/ros2Workspace/src/speech_to_text_pkg/src/whisperTranscriptionNode.cpp:4:3:[m[K [01;31m[Kerror: [m[Kno matching function for call to ‘[01m[Krclcpp::Node::Node()[m[K’
In file included from [01m[K/opt/ros/jazzy/include/rclcpp/rclcpp/executors/single_threaded_executor.hpp:28[m[K,
                 from [01m[K/opt/ros/jazzy/include/rclcpp/rclcpp/executors.hpp:22[m[K,
                 from [01m[K/opt/ros/jazzy/include/rclcpp/rclcpp/rclcpp.hpp:172[m[K,
                 from [01m[K/home/dredre/DevStuff/scrollDiary/speechToText/ros2Workspace/src/speech_to_text_pkg/include/speech_to_text_pkg/whisperTranscriptionNode.hpp:1[m[K,
                 from [01m[K/home/dredre/DevStuff/scrollDiary/speechToText/ros2Workspace/src/speech_to_text_pkg/src/whisperTranscriptionNode.cpp:1[m[K:
[01m[K/opt/ros/jazzy/include/rclcpp/rclcpp/node.hpp:1629:3:[m[K [01;36m[Knote: [m[Kcandidate: ‘[01m[Krclcpp::Node::[01;32m[KNode[m[K(const rclcpp::Node&, const std::string&)[m[K’
 1629 |   [01;36m[KNode[m[K(
      |   [01;36m[K^~~~[m[K
[01m[K/opt/ros/jazzy/include/rclcpp/rclcpp/node.hpp:1629:3:[m[K [01;36m[Knote: [m[K  candidate expects 2 arguments, 0 provided
[01m[K/opt/ros/jazzy/include/rclcpp/rclcpp/node.hpp:103:12:[m[K [01;36m[Knote: [m[Kcandidate: ‘[01m[Krclcpp::Node::[01;32m[KNode[m[K(const std::string&, const std::string&, const rclcpp::NodeOptions&)[m[K’
  103 |   explicit [01;36m[KNode[m[K(
      |            [01;36m[K^~~~[m[K
[01m[K/opt/ros/jazzy/include/rclcpp/rclcpp/node.hpp:103:12:[m[K [01;36m[Knote: [m[K  candidate expects 3 arguments, 0 provided
[01m[K/opt/ros/jazzy/include/rclcpp/rclcpp/node.hpp:91:12:[m[K [01;36m[Knote: [m[Kcandidate: ‘[01m[Krclcpp::Node::[01;32m[KNode[m[K(const std::string&, const rclcpp::NodeOptions&)[m[K’
   91 |   explicit [01;36m[KNode[m[K(
      |            [01;36m[K^~~~[m[K
[01m[K/opt/ros/jazzy/include/rclcpp/rclcpp/node.hpp:91:12:[m[K [01;36m[Knote: [m[K  candidate expects 2 arguments, 0 provided
[01m[K/home/dredre/DevStuff/scrollDiary/speechToText/ros2Workspace/src/speech_to_text_pkg/src/whisperTranscriptionNode.cpp:26:34:[m[K [01;35m[Kwarning: [m[K‘[01m[Kwhisper_context*[01;32m[K whisper_init_from_file[m[K(const char*)[m[K’ is deprecated: use whisper_init_from_file_with_params instead [[01;35m[K]8;;https://gcc.gnu.org/onlinedocs/gcc/Warning-Options.html#index-Wdeprecated-declarations-Wdeprecated-declarations]8;;[m[K]
   26 |     ctx_ = [01;35m[Kwhisper_init_from_file(modelPath.c_str())[m[K;
      |            [01;35m[K~~~~~~~~~~~~~~~~~~~~~~^~~~~~~~~~~~~~~~~~~[m[K
In file included from [01m[K/home/dredre/DevStuff/scrollDiary/speechToText/ros2Workspace/src/speech_to_text_pkg/include/speech_to_text_pkg/whisperTranscriptionNode.hpp:8[m[K:
[01m[K/home/dredre/DevStuff/scrollDiary/speechToText/ros2Workspace/build/speech_to_text_pkg/_deps/whisper-src/src/../include/whisper.h:217:46:[m[K [01;36m[Knote: [m[Kdeclared here
  217 |         WHISPER_API struct whisper_context * [01;36m[Kwhisper_init_from_file[m[K(const char * path_model),
      |                                              [01;36m[K^~~~~~~~~~~~~~~~~~~~~~[m[K
[01m[K/home/dredre/DevStuff/scrollDiary/speechToText/ros2Workspace/build/speech_to_text_pkg/_deps/whisper-src/src/../include/whisper.h:12:44:[m[K [01;36m[Knote: [m[Kin definition of macro ‘[01m[KWHISPER_DEPRECATED[m[K’
   12 | #    define WHISPER_DEPRECATED(func, hint) [01;36m[Kfunc[m[K __attribute__((deprecated(hint)))
      |                                            [01;36m[K^~~~[m[K
gmake[2]: *** [CMakeFiles/whisper_transcription_node.dir/build.make:79: CMakeFiles/whisper_transcription_node.dir/src/whisperTranscriptionNode.cpp.o] Error 1
gmake[1]: *** [CMakeFiles/Makefile2:337: CMakeFiles/whisper_transcription_node.dir/all] Error 2
gmake: *** [Makefile:146: all] Error 2
