[0.021s] Invoking command in '/home/dredre/DevStuff/scrollDiary/speechToText/ros2Workspace/build/speech_to_text_pkg': CMAKE_PREFIX_PATH=${CMAKE_PREFIX_PATH}:/opt/ros/jazzy DEBUGINFOD_URLS=https://debuginfod.ubuntu.com /usr/local/bin/cmake --build /home/dredre/DevStuff/scrollDiary/speechToText/ros2Workspace/build/speech_to_text_pkg -- -j4 -l4
[0.041s] [0mCMake Deprecation Warning at CMakeLists.txt:1 (cmake_minimum_required):
[0.041s]   Compatibility with CMake < 3.10 will be removed from a future version of
[0.041s]   CMake.
[0.041s] 
[0.041s]   Update the VERSION argument <min> value.  Or, use the <min>...<max> syntax
[0.041s]   to tell CMake that the project requires at least <min> but has been updated
[0.042s]   to work with policies introduced by <max> or earlier.
[0.042s] 
[0.042s] [0m
[0.059s] -- Found ament_cmake: 2.5.5 (/opt/ros/jazzy/share/ament_cmake/cmake)
[0.410s] -- Found rclcpp: 28.1.16 (/opt/ros/jazzy/share/rclcpp/cmake)
[0.449s] -- Found rosidl_generator_c: 4.6.7 (/opt/ros/jazzy/share/rosidl_generator_c/cmake)
[0.462s] -- Found rosidl_generator_cpp: 4.6.7 (/opt/ros/jazzy/share/rosidl_generator_cpp/cmake)
[0.478s] -- Using all available rosidl_typesupport_c: rosidl_typesupport_fastrtps_c;rosidl_typesupport_introspection_c
[0.497s] -- Using all available rosidl_typesupport_cpp: rosidl_typesupport_fastrtps_cpp;rosidl_typesupport_introspection_cpp
[0.581s] -- Found rmw_implementation_cmake: 7.3.3 (/opt/ros/jazzy/share/rmw_implementation_cmake/cmake)
[0.583s] -- Found rmw_fastrtps_cpp: 8.4.3 (/opt/ros/jazzy/share/rmw_fastrtps_cpp/cmake)
[0.673s] -- Using RMW implementation 'rmw_fastrtps_cpp' as default
[0.758s] -- Found rclpy: 7.1.9 (/opt/ros/jazzy/share/rclpy/cmake)
[0.759s] -- Does script exist: /home/dredre/DevStuff/scrollDiary/speechToText/ros2Workspace/src/speech_to_text_pkg/scripts/py_node.py
[0.914s] -- Configuring done (0.9s)
[0.933s] -- Generating done (0.0s)
[0.937s] -- Build files have been written to: /home/dredre/DevStuff/scrollDiary/speechToText/ros2Workspace/build/speech_to_text_pkg
[0.989s] [ 50%] [32mBuilding CXX object CMakeFiles/minimal_cpp_node.dir/src/minimalNode1.cpp.o[0m
[1.355s] [01m[K/home/dredre/DevStuff/scrollDiary/speechToText/ros2Workspace/src/speech_to_text_pkg/src/minimalNode1.cpp:2:10:[m[K [01;31m[Kfatal error: [m[KminimalNodeInclude.hpp: No such file or directory
[1.355s]     2 | #include [01;31m[K"minimalNodeInclude.hpp"[m[K
[1.355s]       |          [01;31m[K^~~~~~~~~~~~~~~~~~~~~~~~[m[K
[1.355s] compilation terminated.
[1.360s] gmake[2]: *** [CMakeFiles/minimal_cpp_node.dir/build.make:79: CMakeFiles/minimal_cpp_node.dir/src/minimalNode1.cpp.o] Error 1
[1.360s] gmake[1]: *** [CMakeFiles/Makefile2:153: CMakeFiles/minimal_cpp_node.dir/all] Error 2
[1.360s] gmake: *** [Makefile:146: all] Error 2
[1.363s] Invoked command in '/home/dredre/DevStuff/scrollDiary/speechToText/ros2Workspace/build/speech_to_text_pkg' returned '2': CMAKE_PREFIX_PATH=${CMAKE_PREFIX_PATH}:/opt/ros/jazzy DEBUGINFOD_URLS=https://debuginfod.ubuntu.com /usr/local/bin/cmake --build /home/dredre/DevStuff/scrollDiary/speechToText/ros2Workspace/build/speech_to_text_pkg -- -j4 -l4
