[0.025s] Invoking command in '/home/dredre/DevStuff/scrollDiary/speechToText/build/printer_pkg': CMAKE_PREFIX_PATH=/home/dredre/DevStuff/scrollDiary/speechToText/install/speech_to_text_pkg:/home/dredre/DevStuff/scrollDiary/speechToText/install/speech_to_text_interfaces:/home/dredre/DevStuff/scrollDiary/speechToText/install/motor_pkg:/home/dredre/DevStuff/scrollDiary/speechToText/install/printer_pkg:/home/dredre/DevStuff/scrollDiary/speechToText/install/speechToText:/opt/ros/jazzy/opt/sdformat_vendor:/opt/ros/jazzy/opt/gz_math_vendor:/opt/ros/jazzy/opt/gz_utils_vendor:/opt/ros/jazzy/opt/gz_tools_vendor:/opt/ros/jazzy/opt/gz_cmake_vendor:/opt/ros/jazzy DEBUGINFOD_URLS=https://debuginfod.ubuntu.com /usr/local/bin/cmake --build /home/dredre/DevStuff/scrollDiary/speechToText/build/printer_pkg -- -j4 -l4
[0.090s] [100%] Built target printing_node
[0.102s] Invoked command in '/home/dredre/DevStuff/scrollDiary/speechToText/build/printer_pkg' returned '0': CMAKE_PREFIX_PATH=/home/dredre/DevStuff/scrollDiary/speechToText/install/speech_to_text_pkg:/home/dredre/DevStuff/scrollDiary/speechToText/install/speech_to_text_interfaces:/home/dredre/DevStuff/scrollDiary/speechToText/install/motor_pkg:/home/dredre/DevStuff/scrollDiary/speechToText/install/printer_pkg:/home/dredre/DevStuff/scrollDiary/speechToText/install/speechToText:/opt/ros/jazzy/opt/sdformat_vendor:/opt/ros/jazzy/opt/gz_math_vendor:/opt/ros/jazzy/opt/gz_utils_vendor:/opt/ros/jazzy/opt/gz_tools_vendor:/opt/ros/jazzy/opt/gz_cmake_vendor:/opt/ros/jazzy DEBUGINFOD_URLS=https://debuginfod.ubuntu.com /usr/local/bin/cmake --build /home/dredre/DevStuff/scrollDiary/speechToText/build/printer_pkg -- -j4 -l4
[0.104s] Invoking command in '/home/dredre/DevStuff/scrollDiary/speechToText/build/printer_pkg': CMAKE_PREFIX_PATH=/home/dredre/DevStuff/scrollDiary/speechToText/install/speech_to_text_pkg:/home/dredre/DevStuff/scrollDiary/speechToText/install/speech_to_text_interfaces:/home/dredre/DevStuff/scrollDiary/speechToText/install/motor_pkg:/home/dredre/DevStuff/scrollDiary/speechToText/install/printer_pkg:/home/dredre/DevStuff/scrollDiary/speechToText/install/speechToText:/opt/ros/jazzy/opt/sdformat_vendor:/opt/ros/jazzy/opt/gz_math_vendor:/opt/ros/jazzy/opt/gz_utils_vendor:/opt/ros/jazzy/opt/gz_tools_vendor:/opt/ros/jazzy/opt/gz_cmake_vendor:/opt/ros/jazzy DEBUGINFOD_URLS=https://debuginfod.ubuntu.com /usr/local/bin/cmake --install /home/dredre/DevStuff/scrollDiary/speechToText/build/printer_pkg
[0.110s] -- Install configuration: ""
[0.110s] -- Up-to-date: /home/dredre/DevStuff/scrollDiary/speechToText/install/printer_pkg/lib/printer_pkg/printing_node
[0.111s] -- Up-to-date: /home/dredre/DevStuff/scrollDiary/speechToText/install/printer_pkg/share/ament_index/resource_index/package_run_dependencies/printer_pkg
[0.111s] -- Up-to-date: /home/dredre/DevStuff/scrollDiary/speechToText/install/printer_pkg/share/ament_index/resource_index/parent_prefix_path/printer_pkg
[0.111s] -- Up-to-date: /home/dredre/DevStuff/scrollDiary/speechToText/install/printer_pkg/share/printer_pkg/environment/ament_prefix_path.sh
[0.111s] -- Up-to-date: /home/dredre/DevStuff/scrollDiary/speechToText/install/printer_pkg/share/printer_pkg/environment/ament_prefix_path.dsv
[0.111s] -- Up-to-date: /home/dredre/DevStuff/scrollDiary/speechToText/install/printer_pkg/share/printer_pkg/environment/path.sh
[0.111s] -- Up-to-date: /home/dredre/DevStuff/scrollDiary/speechToText/install/printer_pkg/share/printer_pkg/environment/path.dsv
[0.111s] -- Up-to-date: /home/dredre/DevStuff/scrollDiary/speechToText/install/printer_pkg/share/printer_pkg/local_setup.bash
[0.111s] -- Up-to-date: /home/dredre/DevStuff/scrollDiary/speechToText/install/printer_pkg/share/printer_pkg/local_setup.sh
[0.112s] -- Up-to-date: /home/dredre/DevStuff/scrollDiary/speechToText/install/printer_pkg/share/printer_pkg/local_setup.zsh
[0.112s] -- Up-to-date: /home/dredre/DevStuff/scrollDiary/speechToText/install/printer_pkg/share/printer_pkg/local_setup.dsv
[0.112s] -- Installing: /home/dredre/DevStuff/scrollDiary/speechToText/install/printer_pkg/share/printer_pkg/package.dsv
[0.112s] -- Up-to-date: /home/dredre/DevStuff/scrollDiary/speechToText/install/printer_pkg/share/ament_index/resource_index/packages/printer_pkg
[0.112s] -- Up-to-date: /home/dredre/DevStuff/scrollDiary/speechToText/install/printer_pkg/share/printer_pkg/cmake/printer_pkgConfig.cmake
[0.112s] -- Up-to-date: /home/dredre/DevStuff/scrollDiary/speechToText/install/printer_pkg/share/printer_pkg/cmake/printer_pkgConfig-version.cmake
[0.112s] -- Up-to-date: /home/dredre/DevStuff/scrollDiary/speechToText/install/printer_pkg/share/printer_pkg/package.xml
[0.114s] Invoked command in '/home/dredre/DevStuff/scrollDiary/speechToText/build/printer_pkg' returned '0': CMAKE_PREFIX_PATH=/home/dredre/DevStuff/scrollDiary/speechToText/install/speech_to_text_pkg:/home/dredre/DevStuff/scrollDiary/speechToText/install/speech_to_text_interfaces:/home/dredre/DevStuff/scrollDiary/speechToText/install/motor_pkg:/home/dredre/DevStuff/scrollDiary/speechToText/install/printer_pkg:/home/dredre/DevStuff/scrollDiary/speechToText/install/speechToText:/opt/ros/jazzy/opt/sdformat_vendor:/opt/ros/jazzy/opt/gz_math_vendor:/opt/ros/jazzy/opt/gz_utils_vendor:/opt/ros/jazzy/opt/gz_tools_vendor:/opt/ros/jazzy/opt/gz_cmake_vendor:/opt/ros/jazzy DEBUGINFOD_URLS=https://debuginfod.ubuntu.com /usr/local/bin/cmake --install /home/dredre/DevStuff/scrollDiary/speechToText/build/printer_pkg
